Component: ARM Compiler 5.06 update 5 (build 528) Tool: armlink [4d35e2]

==============================================================================

Section Cross References

    stm32l0xx_it.o(i.EXTI4_15_IRQHandler) refers to stm32l0xx_hal_gpio.o(i.HAL_GPIO_EXTI_IRQHandler) for HAL_GPIO_EXTI_IRQHandler
    stm32l0xx_it.o(i.RTC_IRQHandler) refers to hw_rtc.o(i.HW_RTC_IrqHandler) for HW_RTC_IrqHandler
    stm32l0xx_it.o(i.SysTick_Handler) refers to stm32l0xx_hal.o(i.HAL_IncTick) for HAL_IncTick
    stm32l0xx_it.o(i.SysTick_Handler) refers to stm32l0xx_hal_cortex.o(i.HAL_SYSTICK_IRQHandler) for HAL_SYSTICK_IRQHandler
    stm32l0xx_it.o(i.USART1_IRQHandler) refers to hw_usart.o(i.HW_UART_Modem_IRQHandler) for HW_UART_Modem_IRQHandler
    stm32l0xx_it.o(i.USART1_IRQHandler) refers to hw_usart.o(.bss) for huart1
    hw_rtc.o(i.HW_RTC_DelayMs) refers to uldiv.o(.text) for __aeabi_uldivmod
    hw_rtc.o(i.HW_RTC_DelayMs) refers to hw_rtc.o(i.HW_RTC_GetTimerValue) for HW_RTC_GetTimerValue
    hw_rtc.o(i.HW_RTC_GetCalendarValue) refers to stm32l0xx_hal_rtc.o(i.HAL_RTC_GetTime) for HAL_RTC_GetTime
    hw_rtc.o(i.HW_RTC_GetCalendarValue) refers to stm32l0xx_hal_rtc.o(i.HAL_RTC_GetDate) for HAL_RTC_GetDate
    hw_rtc.o(i.HW_RTC_GetCalendarValue) refers to hw_rtc.o(.bss) for .bss
    hw_rtc.o(i.HW_RTC_GetCalendarValue) refers to hw_rtc.o(.constdata) for .constdata
    hw_rtc.o(i.HW_RTC_GetTimerContext) refers to hw_rtc.o(.bss) for .bss
    hw_rtc.o(i.HW_RTC_GetTimerElapsedTime) refers to hw_rtc.o(i.HW_RTC_GetCalendarValue) for HW_RTC_GetCalendarValue
    hw_rtc.o(i.HW_RTC_GetTimerElapsedTime) refers to hw_rtc.o(.bss) for .bss
    hw_rtc.o(i.HW_RTC_GetTimerValue) refers to hw_rtc.o(i.HW_RTC_GetCalendarValue) for HW_RTC_GetCalendarValue
    hw_rtc.o(i.HW_RTC_Init) refers to hw_rtc.o(i.HW_RTC_SetConfig) for HW_RTC_SetConfig
    hw_rtc.o(i.HW_RTC_Init) refers to stm32l0xx_hal_rtc.o(i.HAL_RTC_DeactivateAlarm) for HAL_RTC_DeactivateAlarm
    hw_rtc.o(i.HW_RTC_Init) refers to hw_rtc.o(i.HW_RTC_SetTimerContext) for HW_RTC_SetTimerContext
    hw_rtc.o(i.HW_RTC_Init) refers to hw_rtc.o(.data) for .data
    hw_rtc.o(i.HW_RTC_Init) refers to hw_rtc.o(.bss) for .bss
    hw_rtc.o(i.HW_RTC_IrqHandler) refers to low_power_manager.o(i.LPM_SetStopMode) for LPM_SetStopMode
    hw_rtc.o(i.HW_RTC_IrqHandler) refers to stm32l0xx_hal_msp.o(i.HAL_RTC_AlarmAEventCallback) for HAL_RTC_AlarmAEventCallback
    hw_rtc.o(i.HW_RTC_IrqHandler) refers to hw_rtc.o(.bss) for .bss
    hw_rtc.o(i.HW_RTC_SetAlarm) refers to hw_rtc.o(i.HW_RTC_GetTimerElapsedTime) for HW_RTC_GetTimerElapsedTime
    hw_rtc.o(i.HW_RTC_SetAlarm) refers to low_power_manager.o(i.LPM_SetStopMode) for LPM_SetStopMode
    hw_rtc.o(i.HW_RTC_SetAlarm) refers to low_power_manager.o(i.LPM_GetMode) for LPM_GetMode
    hw_rtc.o(i.HW_RTC_SetAlarm) refers to hw_rtc.o(i.HW_RTC_StartWakeUpAlarm) for HW_RTC_StartWakeUpAlarm
    hw_rtc.o(i.HW_RTC_SetAlarm) refers to hw_rtc.o(.data) for .data
    hw_rtc.o(i.HW_RTC_SetConfig) refers to stm32l0xx_hal_rtc.o(i.HAL_RTC_Init) for HAL_RTC_Init
    hw_rtc.o(i.HW_RTC_SetConfig) refers to stm32l0xx_hal_rtc.o(i.HAL_RTC_SetDate) for HAL_RTC_SetDate
    hw_rtc.o(i.HW_RTC_SetConfig) refers to stm32l0xx_hal_rtc.o(i.HAL_RTC_SetTime) for HAL_RTC_SetTime
    hw_rtc.o(i.HW_RTC_SetConfig) refers to stm32l0xx_hal_rtc_ex.o(i.HAL_RTCEx_EnableBypassShadow) for HAL_RTCEx_EnableBypassShadow
    hw_rtc.o(i.HW_RTC_SetConfig) refers to hw_rtc.o(.bss) for .bss
    hw_rtc.o(i.HW_RTC_SetTimerContext) refers to hw_rtc.o(i.HW_RTC_GetCalendarValue) for HW_RTC_GetCalendarValue
    hw_rtc.o(i.HW_RTC_SetTimerContext) refers to hw_rtc.o(.bss) for .bss
    hw_rtc.o(i.HW_RTC_StartWakeUpAlarm) refers to memcpya.o(.text) for __aeabi_memcpy4
    hw_rtc.o(i.HW_RTC_StartWakeUpAlarm) refers to hw_rtc.o(i.HW_RTC_StopAlarm) for HW_RTC_StopAlarm
    hw_rtc.o(i.HW_RTC_StartWakeUpAlarm) refers to uidiv.o(.text) for __aeabi_uidivmod
    hw_rtc.o(i.HW_RTC_StartWakeUpAlarm) refers to stm32l0xx_hal_rtc.o(i.HAL_RTC_SetAlarm_IT) for HAL_RTC_SetAlarm_IT
    hw_rtc.o(i.HW_RTC_StartWakeUpAlarm) refers to hw_rtc.o(i.HW_RTC_GetCalendarValue) for HW_RTC_GetCalendarValue
    hw_rtc.o(i.HW_RTC_StartWakeUpAlarm) refers to printfa.o(i.__0printf) for __2printf
    hw_rtc.o(i.HW_RTC_StartWakeUpAlarm) refers to hw_rtc.o(.bss) for .bss
    hw_rtc.o(i.HW_RTC_StartWakeUpAlarm) refers to hw_rtc.o(.constdata) for .constdata
    hw_rtc.o(i.HW_RTC_StopAlarm) refers to stm32l0xx_hal_rtc.o(i.HAL_RTC_DeactivateAlarm) for HAL_RTC_DeactivateAlarm
    hw_rtc.o(i.HW_RTC_StopAlarm) refers to hw_rtc.o(.bss) for .bss
    hw_rtc.o(i.HW_RTC_Tick2ms) refers to hw_rtc.o(i.__ARM_common_ll_muluu) for __ARM_common_ll_muluu
    hw_rtc.o(i.HW_RTC_getMcuWakeUpTime) refers to hw_rtc.o(.data) for .data
    hw_rtc.o(i.HW_RTC_ms2Tick) refers to uldiv.o(.text) for __aeabi_uldivmod
    hw_rtc.o(i.HW_RTC_setMcuWakeUpTime) refers to stm32l0xx_hal_cortex.o(i.HAL_NVIC_GetPendingIRQ) for HAL_NVIC_GetPendingIRQ
[...]
    HAL_GPIO_DeInit                          0x08001885   Thumb Code   202  stm32l0xx_hal_gpio.o(i.HAL_GPIO_DeInit)
    HAL_GPIO_EXTI_Callback                   0x08001969   Thumb Code    70  main.o(i.HAL_GPIO_EXTI_Callback)
    HAL_GPIO_EXTI_IRQHandler                 0x080019c1   Thumb Code    18  stm32l0xx_hal_gpio.o(i.HAL_GPIO_EXTI_IRQHandler)
    HAL_GPIO_Init                            0x080019d9   Thumb Code   346  stm32l0xx_hal_gpio.o(i.HAL_GPIO_Init)
    HAL_GPIO_ReadPin                         0x08001b51   Thumb Code    10  stm32l0xx_hal_gpio.o(i.HAL_GPIO_ReadPin)
    HAL_GPIO_WritePin                        0x08001b5b   Thumb Code    12  stm32l0xx_hal_gpio.o(i.HAL_GPIO_WritePin)
    HAL_GetTick                              0x08001b69   Thumb Code     6  stm32l0xx_hal.o(i.HAL_GetTick)
    HAL_I2C_DeInit                           0x08001b75   Thumb Code    52  stm32l0xx_hal_i2c.o(i.HAL_I2C_DeInit)
    HAL_I2C_GetState                         0x08001ba9   Thumb Code     6  stm32l0xx_hal_i2c.o(i.HAL_I2C_GetState)
    HAL_I2C_Init                             0x08001bb1   Thumb Code   176  stm32l0xx_hal_i2c.o(i.HAL_I2C_Init)
    HAL_I2C_Mem_Read                         0x08001c65   Thumb Code   340  stm32l0xx_hal_i2c.o(i.HAL_I2C_Mem_Read)
    HAL_I2C_Mem_Write                        0x08001dbd   Thumb Code   334  stm32l0xx_hal_i2c.o(i.HAL_I2C_Mem_Write)
    HAL_I2C_MspDeInit                        0x08001f11   Thumb Code     2  stm32l0xx_hal_i2c.o(i.HAL_I2C_MspDeInit)
    HAL_I2C_MspInit                          0x08001f13   Thumb Code     2  stm32l0xx_hal_i2c.o(i.HAL_I2C_MspInit)
    HAL_IncTick                              0x08001f15   Thumb Code    10  stm32l0xx_hal.o(i.HAL_IncTick)
    HAL_Init                                 0x08001f25   Thumb Code    26  stm32l0xx_hal.o(i.HAL_Init)
    HAL_InitTick                             0x08001f45   Thumb Code    34  stm32l0xx_hal.o(i.HAL_InitTick)
    HAL_MspInit                              0x08001f6d   Thumb Code    42  stm32l0xx_hal_msp.o(i.HAL_MspInit)
    HAL_NVIC_DisableIRQ                      0x08001fa1   Thumb Code    14  stm32l0xx_hal_cortex.o(i.HAL_NVIC_DisableIRQ)
    HAL_NVIC_EnableIRQ                       0x08001fb5   Thumb Code    14  stm32l0xx_hal_cortex.o(i.HAL_NVIC_EnableIRQ)
    HAL_NVIC_SetPriority                     0x08001fc9   Thumb Code     8  stm32l0xx_hal_cortex.o(i.HAL_NVIC_SetPriority)
    HAL_PWREx_DisableFastWakeUp              0x08001fd1   Thumb Code    12  stm32l0xx_hal_pwr_ex.o(i.HAL_PWREx_DisableFastWakeUp)
    HAL_PWREx_EnableUltraLowPower            0x08001fe1   Thumb Code    12  stm32l0xx_hal_pwr_ex.o(i.HAL_PWREx_EnableUltraLowPower)
    HAL_PWR_DisablePVD                       0x08001ff1   Thumb Code    12  stm32l0xx_hal_pwr.o(i.HAL_PWR_DisablePVD)
    HAL_PWR_EnterSLEEPMode                   0x08002001   Thumb Code    38  stm32l0xx_hal_pwr.o(i.HAL_PWR_EnterSLEEPMode)
    HAL_PWR_EnterSTOPMode                    0x08002031   Thumb Code    44  stm32l0xx_hal_pwr.o(i.HAL_PWR_EnterSTOPMode)
    HAL_RCCEx_GetPeriphCLKFreq               0x08002065   Thumb Code   380  stm32l0xx_hal_rcc_ex.o(i.HAL_RCCEx_GetPeriphCLKFreq)
    HAL_RCCEx_PeriphCLKConfig                0x08002209   Thumb Code   396  stm32l0xx_hal_rcc_ex.o(i.HAL_RCCEx_PeriphCLKConfig)
    HAL_RCC_ClockConfig                      0x080023a1   Thumb Code   340  stm32l0xx_hal_rcc.o(i.HAL_RCC_ClockConfig)
    HAL_RCC_GetHCLKFreq                      0x08002509   Thumb Code     6  stm32l0xx_hal_rcc.o(i.HAL_RCC_GetHCLKFreq)
    HAL_RCC_GetPCLK1Freq                     0x08002515   Thumb Code    20  stm32l0xx_hal_rcc.o(i.HAL_RCC_GetPCLK1Freq)
    HAL_RCC_GetPCLK2Freq                     0x08002535   Thumb Code    20  stm32l0xx_hal_rcc.o(i.HAL_RCC_GetPCLK2Freq)
    HAL_RCC_GetSysClockFreq                  0x08002555   Thumb Code   100  stm32l0xx_hal_rcc.o(i.HAL_RCC_GetSysClockFreq)
    HAL_RCC_OscConfig                        0x080025cd   Thumb Code  1106  stm32l0xx_hal_rcc.o(i.HAL_RCC_OscConfig)
    HAL_RTCEx_EnableBypassShadow             0x08002a1f   Thumb Code    60  stm32l0xx_hal_rtc_ex.o(i.HAL_RTCEx_EnableBypassShadow)
    HAL_RTC_AlarmAEventCallback              0x08002a5b   Thumb Code     8  stm32l0xx_hal_msp.o(i.HAL_RTC_AlarmAEventCallback)
    HAL_RTC_DeactivateAlarm                  0x08002a63   Thumb Code   184  stm32l0xx_hal_rtc.o(i.HAL_RTC_DeactivateAlarm)
    HAL_RTC_GetDate                          0x08002b1b   Thumb Code    68  stm32l0xx_hal_rtc.o(i.HAL_RTC_GetDate)
    HAL_RTC_GetTime                          0x08002b61   Thumb Code    88  stm32l0xx_hal_rtc.o(i.HAL_RTC_GetTime)
    HAL_RTC_Init                             0x08002bbd   Thumb Code   160  stm32l0xx_hal_rtc.o(i.HAL_RTC_Init)
    HAL_RTC_MspInit                          0x08002c61   Thumb Code    94  stm32l0xx_hal_msp.o(i.HAL_RTC_MspInit)
    HAL_RTC_SetAlarm_IT                      0x08002cd5   Thumb Code   408  stm32l0xx_hal_rtc.o(i.HAL_RTC_SetAlarm_IT)
    HAL_RTC_SetDate                          0x08002e75   Thumb Code   200  stm32l0xx_hal_rtc.o(i.HAL_RTC_SetDate)
    HAL_RTC_SetTime                          0x08002f41   Thumb Code   234  stm32l0xx_hal_rtc.o(i.HAL_RTC_SetTime)
    HAL_RTC_WaitForSynchro                   0x08003031   Thumb Code    52  stm32l0xx_hal_rtc.o(i.HAL_RTC_WaitForSynchro)
    HAL_SYSTICK_CLKSourceConfig              0x08003065   Thumb Code    20  stm32l0xx_hal_cortex.o(i.HAL_SYSTICK_CLKSourceConfig)
    HAL_SYSTICK_Callback                     0x0800307d   Thumb Code     2  stm32l0xx_hal_cortex.o(i.HAL_SYSTICK_Callback)
    HAL_SYSTICK_Config                       0x08003081   Thumb Code    38  stm32l0xx_hal_cortex.o(i.HAL_SYSTICK_Config)
    HAL_SYSTICK_IRQHandler                   0x080030b1   Thumb Code     8  stm32l0xx_hal_cortex.o(i.HAL_SYSTICK_IRQHandler)
    HAL_UART_DeInit                          0x080030b9   Thumb Code    62  stm32l0xx_hal_uart.o(i.HAL_UART_DeInit)
    HAL_UART_Init                            0x080030f7   Thumb Code   108  stm32l0xx_hal_uart.o(i.HAL_UART_Init)
    HAL_UART_MspDeInit                       0x08003165   Thumb Code    92  hw_usart.o(i.HAL_UART_MspDeInit)
    HAL_UART_MspInit                         0x080031cd   Thumb Code   138  hw_usart.o(i.HAL_UART_MspInit)
    HAL_UART_Receive_IT                      0x08003265   Thumb Code   154  stm32l0xx_hal_uart.o(i.HAL_UART_Receive_IT)
    HAL_UART_Transmit                        0x08003305   Thumb Code   200  stm32l0xx_hal_uart.o(i.HAL_UART_Transmit)
    HTS221_Activate                          0x080033cd   Thumb Code    48  hts221_driver.o(i.HTS221_Activate)
    HTS221_DeActivate                        0x08003423   Thumb Code    50  hts221_driver.o(i.HTS221_DeActivate)
    HTS221_Get_DataStatus                    0x08003455   Thumb Code    48  hts221_driver.o(i.HTS221_Get_DataStatus)
    HTS221_Get_DeviceID                      0x08003485   Thumb Code    20  hts221_driver.o(i.HTS221_Get_DeviceID)
    HTS221_Get_Humidity                      0x08003499   Thumb Code   200  hts221_driver.o(i.HTS221_Get_Humidity)
    HTS221_Get_Odr                           0x080035b1   Thumb Code    38  hts221_driver.o(i.HTS221_Get_Odr)
    HTS221_Get_Temperature                   0x080035d9   Thumb Code   188  hts221_driver.o(i.HTS221_Get_Temperature)
    HTS221_ReadReg                           0x08003823   Thumb Code    28  hts221_driver.o(i.HTS221_ReadReg)
    HTS221_Set_BduMode                       0x0800386d   Thumb Code    72  hts221_driver.o(i.HTS221_Set_BduMode)
    HTS221_Set_Odr                           0x08003911   Thumb Code    74  hts221_driver.o(i.HTS221_Set_Odr)
    HTS221_WriteReg                          0x08003ab1   Thumb Code    28  hts221_driver.o(i.HTS221_WriteReg)
    HTS221_assert_failed                     0x08003ae1   Thumb Code    12  hts221_driver.o(i.HTS221_assert_failed)
    HW_GPIO_Read                             0x08003b1d   Thumb Code     8  hw_gpio.o(i.HW_GPIO_Read)
    HW_GpioInit                              0x08003b25   Thumb Code   104  stm32l0xx_hw.o(i.HW_GpioInit)
    HW_Init                                  0x08003ba5   Thumb Code    36  stm32l0xx_hw.o(i.HW_Init)
    HW_RTC_DelayMs                           0x08003bcd   Thumb Code    38  hw_rtc.o(i.HW_RTC_DelayMs)
    HW_RTC_GetMinimumTimeout                 0x08003cb5   Thumb Code     4  hw_rtc.o(i.HW_RTC_GetMinimumTimeout)
    HW_RTC_GetTimerContext                   0x08003cb9   Thumb Code     6  hw_rtc.o(i.HW_RTC_GetTimerContext)
    HW_RTC_GetTimerElapsedTime               0x08003cc5   Thumb Code    22  hw_rtc.o(i.HW_RTC_GetTimerElapsedTime)
    HW_RTC_GetTimerValue                     0x08003ce1   Thumb Code    16  hw_rtc.o(i.HW_RTC_GetTimerValue)
    HW_RTC_Init                              0x08003cf1   Thumb Code    34  hw_rtc.o(i.HW_RTC_Init)
    HW_RTC_IrqHandler                        0x08003d1d   Thumb Code    52  hw_rtc.o(i.HW_RTC_IrqHandler)
    HW_RTC_SetAlarm                          0x08003d59   Thumb Code    56  hw_rtc.o(i.HW_RTC_SetAlarm)
    HW_RTC_SetTimerContext                   0x08003df5   Thumb Code    18  hw_rtc.o(i.HW_RTC_SetTimerContext)
    HW_RTC_StopAlarm                         0x08003fa1   Thumb Code    28  hw_rtc.o(i.HW_RTC_StopAlarm)
    HW_RTC_Tick2ms                           0x08003fc1   Thumb Code    16  hw_rtc.o(i.HW_RTC_Tick2ms)
    HW_RTC_ms2Tick                           0x08003fd1   Thumb Code    16  hw_rtc.o(i.HW_RTC_ms2Tick)
    HW_UART_Modem_GetNewChar                 0x08003fe1   Thumb Code    28  hw_usart.o(i.HW_UART_Modem_GetNewChar)
    HW_UART_Modem_IRQHandler                 0x08004001   Thumb Code   216  hw_usart.o(i.HW_UART_Modem_IRQHandler)
    HW_UART_Modem_Init                       0x080040dd   Thumb Code    98  hw_usart.o(i.HW_UART_Modem_Init)
    HW_UART_Modem_IsNewCharReceived          0x0800414d   Thumb Code    26  hw_usart.o(i.HW_UART_Modem_IsNewCharReceived)
    LPM_EnterLowPower                        0x080044a5   Thumb Code    46  low_power_manager.o(i.LPM_EnterLowPower)
    LPM_EnterOffMode                         0x080044d9   Thumb Code     2  low_power_manager.o(i.LPM_EnterOffMode)
    LPM_EnterSleepMode                       0x080044db   Thumb Code    12  stm32l0xx_hw.o(i.LPM_EnterSleepMode)
    LPM_EnterStopMode                        0x080044e9   Thumb Code    74  stm32l0xx_hw.o(i.LPM_EnterStopMode)
    LPM_ExitOffMode                          0x0800454d   Thumb Code     2  low_power_manager.o(i.LPM_ExitOffMode)
    LPM_ExitSleepMode                        0x0800454f   Thumb Code     2  low_power_manager.o(i.LPM_ExitSleepMode)
    LPM_ExitStopMode                         0x08004551   Thumb Code    94  stm32l0xx_hw.o(i.LPM_ExitStopMode)
    LPM_GetMode                              0x080045b5   Thumb Code    36  low_power_manager.o(i.LPM_GetMode)
    LPM_SetOffMode                           0x080045dd   Thumb Code    34  low_power_manager.o(i.LPM_SetOffMode)
    LPM_SetStopMode                          0x08004605   Thumb Code    34  low_power_manager.o(i.LPM_SetStopMode)
    LPS22HB_Get_DataStatus                   0x080047f9   Thumb Code    58  lps22hb_driver.o(i.LPS22HB_Get_DataStatus)
    LPS22HB_Get_DeviceID                     0x08004833   Thumb Code    20  lps22hb_driver.o(i.LPS22HB_Get_DeviceID)
    LPS22HB_Get_FifoMode                     0x08004847   Thumb Code    38  lps22hb_driver.o(i.LPS22HB_Get_FifoMode)
    LPS22HB_Get_FifoStatus                   0x0800486d   Thumb Code    70  lps22hb_driver.o(i.LPS22HB_Get_FifoStatus)
    LPS22HB_Get_FifoWatermarkLevel           0x080048b3   Thumb Code    34  lps22hb_driver.o(i.LPS22HB_Get_FifoWatermarkLevel)
    LPS22HB_Get_Odr                          0x08004939   Thumb Code    36  lps22hb_driver.o(i.LPS22HB_Get_Odr)
    LPS22HB_Get_Pressure                     0x08004985   Thumb Code    38  lps22hb_driver.o(i.LPS22HB_Get_Pressure)
    LPS22HB_Get_RawPressure                  0x080049ab   Thumb Code    60  lps22hb_driver.o(i.LPS22HB_Get_RawPressure)
    LPS22HB_Get_RawTemperature               0x080049e7   Thumb Code    40  lps22hb_driver.o(i.LPS22HB_Get_RawTemperature)
    LPS22HB_Get_Temperature                  0x08004a41   Thumb Code    40  lps22hb_driver.o(i.LPS22HB_Get_Temperature)
    LPS22HB_ReadReg                          0x08004c0b   Thumb Code    48  lps22hb_driver.o(i.LPS22HB_ReadReg)
    LPS22HB_Sensor_IO_ITConfig               0x08004c4d   Thumb Code     4  lrwan_ns1.o(i.LPS22HB_Sensor_IO_ITConfig)
    LPS22HB_Set_AutomaticIncrementRegAddress 0x08004c51   Thumb Code    54  lps22hb_driver.o(i.LPS22HB_Set_AutomaticIncrementRegAddress)
    LPS22HB_Set_Bdu                          0x08004c87   Thumb Code    58  lps22hb_driver.o(i.LPS22HB_Set_Bdu)
    LPS22HB_Set_FIFO_FTH_Interrupt           0x08004cc1   Thumb Code    54  lps22hb_driver.o(i.LPS22HB_Set_FIFO_FTH_Interrupt)
    LPS22HB_Set_FIFO_FULL_Interrupt          0x08004cf7   Thumb Code    54  lps22hb_driver.o(i.LPS22HB_Set_FIFO_FULL_Interrupt)
    LPS22HB_Set_FIFO_OVR_Interrupt           0x08004d2d   Thumb Code    54  lps22hb_driver.o(i.LPS22HB_Set_FIFO_OVR_Interrupt)
    LPS22HB_Set_FifoMode                     0x08004d63   Thumb Code    52  lps22hb_driver.o(i.LPS22HB_Set_FifoMode)
    LPS22HB_Set_FifoModeUse                  0x08004d97   Thumb Code    54  lps22hb_driver.o(i.LPS22HB_Set_FifoModeUse)
    LPS22HB_Set_FifoWatermarkLevel           0x08004dcd   Thumb Code    52  lps22hb_driver.o(i.LPS22HB_Set_FifoWatermarkLevel)
    LPS22HB_Set_FifoWatermarkLevelUse        0x08004e01   Thumb Code    54  lps22hb_driver.o(i.LPS22HB_Set_FifoWatermarkLevelUse)
    LPS22HB_Set_LowPassFilter                0x08004e37   Thumb Code    54  lps22hb_driver.o(i.LPS22HB_Set_LowPassFilter)
    LPS22HB_Set_LowPassFilterCutoff          0x08004e6d   Thumb Code    54  lps22hb_driver.o(i.LPS22HB_Set_LowPassFilterCutoff)
    LPS22HB_Set_Odr                          0x08004fb3   Thumb Code    54  lps22hb_driver.o(i.LPS22HB_Set_Odr)
    LPS22HB_Set_PowerMode                    0x08004fe9   Thumb Code    52  lps22hb_driver.o(i.LPS22HB_Set_PowerMode)
    LPS22HB_WriteReg                         0x0800514b   Thumb Code    48  lps22hb_driver.o(i.LPS22HB_WriteReg)
    LPS25HB_Activate                         0x0800518d   Thumb Code    16  lps25hb_driver.o(i.LPS25HB_Activate)
    LPS25HB_DeActivate                       0x080051c3   Thumb Code    16  lps25hb_driver.o(i.LPS25HB_DeActivate)
    LPS25HB_Get_DataStatus                   0x080051d3   Thumb Code    58  lps25hb_driver.o(i.LPS25HB_Get_DataStatus)
    LPS25HB_Get_DeviceID                     0x0800520d   Thumb Code    20  lps25hb_driver.o(i.LPS25HB_Get_DeviceID)
    LPS25HB_Get_Odr                          0x08005279   Thumb Code    36  lps25hb_driver.o(i.LPS25HB_Get_Odr)
    LPS25HB_Get_Pressure                     0x0800529d   Thumb Code    38  lps25hb_driver.o(i.LPS25HB_Get_Pressure)
    LPS25HB_Get_RawPressure                  0x080052c3   Thumb Code    60  lps25hb_driver.o(i.LPS25HB_Get_RawPressure)
    LPS25HB_Get_RawTemperature               0x080052ff   Thumb Code    40  lps25hb_driver.o(i.LPS25HB_Get_RawTemperature)
    LPS25HB_Get_Temperature                  0x08005327   Thumb Code    40  lps25hb_driver.o(i.LPS25HB_Get_Temperature)
    LPS25HB_ReadReg                          0x080054ed   Thumb Code    28  lps25hb_driver.o(i.LPS25HB_ReadReg)
    LPS25HB_Set_Avg                          0x08005539   Thumb Code   100  lps25hb_driver.o(i.LPS25HB_Set_Avg)
    LPS25HB_Set_Bdu                          0x080055a1   Thumb Code    70  lps25hb_driver.o(i.LPS25HB_Set_Bdu)
    LPS25HB_Set_InterruptCircuitEnable       0x080055ed   Thumb Code    74  lps25hb_driver.o(i.LPS25HB_Set_InterruptCircuitEnable)
    LPS25HB_Set_Odr                          0x080056a1   Thumb Code    82  lps25hb_driver.o(i.LPS25HB_Set_Odr)
    LPS25HB_Set_PowerDownMode                0x080056f9   Thumb Code    72  lps25hb_driver.o(i.LPS25HB_Set_PowerDownMode)
    LPS25HB_Set_SpiInterface                 0x08005745   Thumb Code    68  lps25hb_driver.o(i.LPS25HB_Set_SpiInterface)
    LPS25HB_WriteReg                         0x080058c9   Thumb Code    28  lps25hb_driver.o(i.LPS25HB_WriteReg)
    LPS25HB_assert_failed                    0x080058f9   Thumb Code    12  lps25hb_driver.o(i.LPS25HB_assert_failed)
    LoRa_GetAppID                            0x08005931   Thumb Code    40  lora_driver.o(i.LoRa_GetAppID)
    LoRa_GetDeviceAddress                    0x0800595d   Thumb Code    40  lora_driver.o(i.LoRa_GetDeviceAddress)
    LoRa_GetDeviceID                         0x08005989   Thumb Code    40  lora_driver.o(i.LoRa_GetDeviceID)
    LoRa_SetAppID                            0x080059b5   Thumb Code    14  lora_driver.o(i.LoRa_SetAppID)
    LoRa_SetDeviceID                         0x080059c3   Thumb Code    14  lora_driver.o(i.LoRa_SetDeviceID)
    Lora_Ctx_Init                            0x080059d1   Thumb Code    16  lora_driver.o(i.Lora_Ctx_Init)
    Lora_GetBatLevel                         0x080059e5   Thumb Code    82  lora_driver.o(i.Lora_GetBatLevel)
    Lora_Init                                0x08005a55   Thumb Code    24  lora_driver.o(i.Lora_Init)
    Lora_Join                                0x08005a6d   Thumb Code   228  lora_driver.o(i.Lora_Join)
    Lora_SendDataBin                         0x08005c6d   Thumb Code    18  lora_driver.o(i.Lora_SendDataBin)
    Lora_SetAdaptiveDataRate                 0x08005c7f   Thumb Code    14  lora_driver.o(i.Lora_SetAdaptiveDataRate)
    Lora_SetDefault                          0x08005c8d   Thumb Code    14  lora_driver.o(i.Lora_SetDefault)
    Lora_SetDeviceBand                       0x08005c9b   Thumb Code    14  lora_driver.o(i.Lora_SetDeviceBand)
    Lora_SetJoinMode                         0x08005ca9   Thumb Code    14  lora_driver.o(i.Lora_SetJoinMode)
    Lora_SetWDT                              0x08005cb7   Thumb Code    14  lora_driver.o(i.Lora_SetWDT)
    Lora_SleepMode                           0x08005cc5   Thumb Code    14  lora_driver.o(i.Lora_SleepMode)
    Lora_fsm                                 0x08005cd5   Thumb Code   302  lora_driver.o(i.Lora_fsm)
    Modem_AT_Cmd                             0x08005e75   Thumb Code   114  lrwan_ns1_atcmd.o(i.Modem_AT_Cmd)
    Modem_IO_DeInit                          0x08005f0d   Thumb Code    16  lrwan_ns1_atcmd.o(i.Modem_IO_DeInit)
    Modem_IO_Init                            0x08005f25   Thumb Code    18  lrwan_ns1_atcmd.o(i.Modem_IO_Init)
    RTC_Bcd2ToByte                           0x08005fed   Thumb Code    16  stm32l0xx_hal_rtc.o(i.RTC_Bcd2ToByte)
    RTC_ByteToBcd2                           0x08005ffd   Thumb Code    22  stm32l0xx_hal_rtc.o(i.RTC_ByteToBcd2)
    RTC_EnterInitMode                        0x08006013   Thumb Code    56  stm32l0xx_hal_rtc.o(i.RTC_EnterInitMode)
    RTC_IRQHandler                           0x0800604b   Thumb Code     8  stm32l0xx_it.o(i.RTC_IRQHandler)
    Sensor_IO_Init                           0x080061ad   Thumb Code    14  lrwan_ns1.o(i.Sensor_IO_Init)
    Sensor_IO_Read                           0x080061bd   Thumb Code    40  lrwan_ns1.o(i.Sensor_IO_Read)
    Sensor_IO_Write                          0x080061ed   Thumb Code    40  lrwan_ns1.o(i.Sensor_IO_Write)
    SysTick_Handler                          0x0800621d   Thumb Code    12  stm32l0xx_it.o(i.SysTick_Handler)
    SystemClock_Config                       0x08006229   Thumb Code   184  stm32l0xx_hw.o(i.SystemClock_Config)
    SystemInit                               0x080062e9   Thumb Code    66  system_stm32l0xx.o(i.SystemInit)
    TimerGetCurrentTime                      0x0800633d   Thumb Code    12  timeserver.o(i.TimerGetCurrentTime)
    TimerGetElapsedTime                      0x08006349   Thumb Code    24  timeserver.o(i.TimerGetElapsedTime)
    TimerInit                                0x08006361   Thumb Code    14  timeserver.o(i.TimerInit)
    TimerIrqHandler                          0x0800638d   Thumb Code   116  timeserver.o(i.TimerIrqHandler)
    TimerSetValue                            0x08006431   Thumb Code    34  timeserver.o(i.TimerSetValue)
    TimerStart                               0x08006455   Thumb Code   108  timeserver.o(i.TimerStart)
    TimerStop                                0x080064c5   Thumb Code    90  timeserver.o(i.TimerStop)
    UART_AdvFeatureConfig                    0x08006525   Thumb Code   202  stm32l0xx_hal_uart.o(i.UART_AdvFeatureConfig)
    UART_CheckIdleState                      0x080065f1   Thumb Code    90  stm32l0xx_hal_uart.o(i.UART_CheckIdleState)
    UART_SetConfig                           0x08006651   Thumb Code   498  stm32l0xx_hal_uart.o(i.UART_SetConfig)
    UART_WaitOnFlagUntilTimeout              0x0800686d   Thumb Code    98  stm32l0xx_hal_uart.o(i.UART_WaitOnFlagUntilTimeout)
    USART1_IRQHandler                        0x080068d1   Thumb Code    10  stm32l0xx_it.o(i.USART1_IRQHandler)
    __0printf                                0x080068e1   Thumb Code    24  printfa.o(i.__0printf)
    __1printf                                0x080068e1   Thumb Code     0  printfa.o(i.__0printf)
    __2printf                                0x080068e1   Thumb Code     0  printfa.o(i.__0printf)
    __c89printf                              0x080068e1   Thumb Code     0  printfa.o(i.__0printf)
    printf                                   0x080068e1   Thumb Code     0  printfa.o(i.__0printf)
    __0sprintf                               0x08006901   Thumb Code    36  printfa.o(i.__0sprintf)
    __1sprintf                               0x08006901   Thumb Code     0  printfa.o(i.__0sprintf)
    __2sprintf                               0x08006901   Thumb Code     0  printfa.o(i.__0sprintf)
    __c89sprintf                             0x08006901   Thumb Code     0  printfa.o(i.__0sprintf)
    sprintf                                  0x08006901   Thumb Code     0  printfa.o(i.__0sprintf)
    __ARM_clz                                0x08006929   Thumb Code    46  depilogue.o(i.__ARM_clz)
    __ARM_common_ll_muluu                    0x08006957   Thumb Code    48  hw_rtc.o(i.__ARM_common_ll_muluu)
    __ARM_common_switch8                     0x08006987   Thumb Code    26  tiny_sscanf.o(i.__ARM_common_switch8)
    __scatterload_copy                       0x080069a1   Thumb Code    14  handlers.o(i.__scatterload_copy)
    __scatterload_null                       0x080069af   Thumb Code     2  handlers.o(i.__scatterload_null)
    __scatterload_zeroinit                   0x080069b1   Thumb Code    14  handlers.o(i.__scatterload_zeroinit)
    at_cmd_receive                           0x08007651   Thumb Code   278  lrwan_ns1_atcmd.o(i.at_cmd_receive)
    at_cmd_receive_evt                       0x08007779   Thumb Code   140  lrwan_ns1_atcmd.o(i.at_cmd_receive_evt)
    at_cmd_vprintf                           0x0800782d   Thumb Code    36  lrwan_ns1_atcmd.o(i.at_cmd_vprintf)
    atctl_rx                                 0x08007e35   Thumb Code   168  lrwan_ns1_atcmd.o(i.atctl_rx)
    fputc                                    0x08008111   Thumb Code    18  fputc.o(i.fputc)
    lora_getDeviceState                      0x08008125   Thumb Code     6  lora_driver.o(i.lora_getDeviceState)
    main                                     0x08008131   Thumb Code    72  main.o(i.main)
    tiny_vsnprintf_like                      0x0800818d   Thumb Code   338  tiny_vsnprintf.o(i.tiny_vsnprintf_like)
    AHBPrescTable                            0x08008300   Data          16  system_stm32l0xx.o(.constdata)
    PLLMulTable                              0x08008310   Data           9  system_stm32l0xx.o(.constdata)
    APBPrescTable                            0x08008319   Data           8  system_stm32l0xx.o(.constdata)
    BUTTON_IRQn                              0x08008322   Data           1  stm32l0xx_nucleo.o(.constdata)
    LED_PIN                                  0x08008324   Data           2  stm32l0xx_nucleo.o(.constdata)
    BUTTON_PIN                               0x08008326   Data           2  stm32l0xx_nucleo.o(.constdata)
    __ctype_categories                       0x080085a0   Data          64  ctype_c.o(.constdata)
    Region$$Table$$Base                      0x08008b08   Number         0  anon$$obj.o(Region$$Table)
    Region$$Table$$Limit                     0x08008b28   Number         0  anon$$obj.o(Region$$Table)
    LED_MODEM_PORT                           0x20000004   Data           4  bsp.o(.data)
    HUMIDITY_handle                          0x20000008   Data           4  bsp.o(.data)
    TEMPERATURE_handle                       0x2000000c   Data           4  bsp.o(.data)
    PRESSURE_handle                          0x20000010   Data           4  bsp.o(.data)
    SensorTimerWakeup                        0x2000001b   Data           1  lora_driver.o(.data)
    HTS221_H_Drv                             0x20000054   Data          52  hts221_driver_hl.o(.data)
    HTS221_T_Drv                             0x20000088   Data          52  hts221_driver_hl.o(.data)
    HTS221_Combo_Data                        0x200000bc   Data           4  hts221_driver_hl.o(.data)
    LPS22HB_P_Drv                            0x200000c0   Data          52  lps22hb_driver_hl.o(.data)
    LPS22HB_T_Drv                            0x200000f4   Data          52  lps22hb_driver_hl.o(.data)
    LPS22HB_P_ExtDrv                         0x20000128   Data          60  lps22hb_driver_hl.o(.data)
    LPS22HB_T_ExtDrv                         0x20000164   Data          60  lps22hb_driver_hl.o(.data)
    LPS22HB_Combo_Data                       0x200001a0   Data           8  lps22hb_driver_hl.o(.data)
    LPS25HB_P_Drv                            0x200001a8   Data          52  lps25hb_driver_hl.o(.data)
    LPS25HB_T_Drv                            0x200001dc   Data          52  lps25hb_driver_hl.o(.data)
    LPS25HB_Combo_Data                       0x20000210   Data           8  lps25hb_driver_hl.o(.data)
    uwTick                                   0x20000218   Data           4  stm32l0xx_hal.o(.data)
    SystemCoreClock                          0x2000021c   Data           4  system_stm32l0xx.o(.data)
    LED_PORT                                 0x20000220   Data           4  stm32l0xx_nucleo.o(.data)
    BUTTON_PORT                              0x20000224   Data           4  stm32l0xx_nucleo.o(.data)
    record_num                               0x2000024c   Data           4  lrwan_ns1_atcmd.o(.data)
    __stdout                                 0x2000034c   Data           4  stdout.o(.data)
    huart1                                   0x200005c4   Data         112  hw_usart.o(.bss)
    huart2                                   0x20000634   Data         112  hw_usart.o(.bss)
    dt                                       0x200006a4   Data          24  lora_driver.o(.bss)
    I2C_EXPBD_Handle                         0x200007b0   Data          76  lrwan_ns1.o(.bss)
    atctl_dl_buf                             0x200007fc   Data         256  lrwan_ns1_atcmd.o(.bss)
    LoRa_AT_Cmd_Buff                         0x200008fc   Data         300  lrwan_ns1_atcmd.o(.bss)
    response                                 0x20000a28   Data         300  lrwan_ns1_atcmd.o(.bss)
    __initial_sp                             0x20001220   Data           0  startup_stm32l053xx.o(STACK)



==============================================================================

Memory Map of the image

  Image Entry point : 0x080000c1

  Load Region LR_IROM1 (Base: 0x08000000, Size: 0x00008e78, Max: 0x00010000, ABSOLUTE, COMPRESSED[0x00008d14])

    Execution Region ER_IROM1 (Exec base: 0x08000000, Load base: 0x08000000, Size: 0x00008b28, Max: 0x00010000, ABSOLUTE)

    Exec Addr    Load Addr    Size         Type   Attr      Idx    E Section Name        Object

    0x08000000   0x08000000   0x000000c0   Data   RO         5763    RESET               startup_stm32l053xx.o
    0x080000c0   0x080000c0   0x00000000   Code   RO         6521  * .ARM.Collect$$$$00000000  mc_p.l(entry.o)
    0x080000c0   0x080000c0   0x00000004   Code   RO         6839    .ARM.Collect$$$$00000001  mc_p.l(entry2.o)
    0x080000c4   0x080000c4   0x00000004   Code   RO         6842    .ARM.Collect$$$$00000004  mc_p.l(entry5.o)
    0x080000c8   0x080000c8   0x00000000   Code   RO         6844    .ARM.Collect$$$$00000008  mc_p.l(entry7b.o)
    0x080000c8   0x080000c8   0x00000000   Code   RO         6846    .ARM.Collect$$$$0000000A  mc_p.l(entry8b.o)
    0x080000c8   0x080000c8   0x00000008   Code   RO         6847    .ARM.Collect$$$$0000000B  mc_p.l(entry9a.o)
    0x080000d0   0x080000d0   0x00000000   Code   RO         6849    .ARM.Collect$$$$0000000D  mc_p.l(entry10a.o)
    0x080000d0   0x080000d0   0x00000000   Code   RO         6851    .ARM.Collect$$$$0000000F  mc_p.l(entry11a.o)
    0x080000d0   0x080000d0   0x00000004   Code   RO         6840    .ARM.Collect$$$$00002712  mc_p.l(entry2.o)
    0x080000d4   0x080000d4   0x0000001c   Code   RO         5764    .text               startup_stm32l053xx.o
    0x080000f0   0x080000f0   0x0000002c   Code   RO         6524    .text               mc_p.l(uidiv.o)
    0x0800011c   0x0800011c   0x00000028   Code   RO         6526    .text               mc_p.l(idiv.o)
    0x08000144   0x08000144   0x00000060   Code   RO         6528    .text               mc_p.l(uldiv.o)
    0x080001a4   0x080001a4   0x00000024   Code   RO         6532    .text               mc_p.l(memcpya.o)
    0x080001c8   0x080001c8   0x00000024   Code   RO         6534    .text               mc_p.l(memseta.o)
    0x080001ec   0x080001ec   0x0000000e   Code   RO         6536    .text               mc_p.l(strlen.o)
    0x080001fa   0x080001fa   0x0000001a   Code   RO         6538    .text               mc_p.l(memcmp.o)
    0x08000214   0x08000214   0x0000002e   Code   RO         6542    .text               mc_p.l(strncasecmp.o)
    0x08000242   0x08000242   0x00000002   PAD
    0x08000244   0x08000244   0x0000003c   Code   RO         6805    .text               mc_p.l(__0sscanf.o)
    0x08000280   0x08000280   0x0000014a   Code   RO         6807    .text               mc_p.l(_scanf_int.o)
    0x080003ca   0x080003ca   0x000000e8   Code   RO         6809    .text               mc_p.l(_scanf_str.o)
    0x080004b2   0x080004b2   0x000000b2   Code   RO         6811    .text               mf_p.l(fadd.o)
    0x08000564   0x08000564   0x0000007a   Code   RO         6813    .text               mf_p.l(fmul.o)
    0x080005de   0x080005de   0x0000007c   Code   RO         6815    .text               mf_p.l(fdiv.o)
    0x0800065a   0x0800065a   0x00000018   Code   RO         6817    .text               mf_p.l(fscalb.o)
    0x08000672   0x08000672   0x00000002   PAD
    0x08000674   0x08000674   0x00000164   Code   RO         6819    .text               mf_p.l(dadd.o)
    0x080007d8   0x080007d8   0x000000d0   Code   RO         6821    .text               mf_p.l(dmul.o)
    0x080008a8   0x080008a8   0x000000f0   Code   RO         6823    .text               mf_p.l(ddiv.o)
    0x08000998   0x08000998   0x00000016   Code   RO         6825    .text               mf_p.l(fflti.o)
    0x080009ae   0x080009ae   0x0000000e   Code   RO         6827    .text               mf_p.l(ffltui.o)
    0x080009bc   0x080009bc   0x00000032   Code   RO         6829    .text               mf_p.l(ffixi.o)
    0x080009ee   0x080009ee   0x00000028   Code   RO         6831    .text               mf_p.l(ffixui.o)
    0x08000a16   0x08000a16   0x00000002   PAD
    0x08000a18   0x08000a18   0x0000003c   Code   RO         6833    .text               mf_p.l(dfixui.o)
    0x08000a54   0x08000a54   0x00000028   Code   RO         6835    .text               mf_p.l(f2d.o)
    0x08000a7c   0x08000a7c   0x00000038   Code   RO         6837    .text               mf_p.l(d2f.o)
    0x08000ab4   0x08000ab4   0x00000020   Code   RO         6856    .text               mc_p.l(llshl.o)
    0x08000ad4   0x08000ad4   0x00000022   Code   RO         6858    .text               mc_p.l(llushr.o)
    0x08000af6   0x08000af6   0x00000026   Code   RO         6860    .text               mc_p.l(llsshr.o)
    0x08000b1c   0x08000b1c   0x0000000c   Code   RO         6862    .text               mc_p.l(tolower.o)
    0x08000b28   0x08000b28   0x0000001e   Code   RO         6864    .text               mc_p.l(_chval.o)
    0x08000b46   0x08000b46   0x00000002   PAD
    0x08000b48   0x08000b48   0x0000002c   Code   RO         6866    .text               mc_p.l(scanf_char.o)
    0x08000b74   0x08000b74   0x00000044   Code   RO         6868    .text               mc_p.l(_sgetc.o)
    0x08000bb8   0x08000bb8   0x00000000   Code   RO         6870    .text               mc_p.l(iusefp.o)
    0x08000bb8   0x08000bb8   0x00000082   Code   RO         6871    .text               mf_p.l(fepilogue.o)
    0x08000c3a   0x08000c3a   0x000000be   Code   RO         6873    .text               mf_p.l(depilogue.o)
    0x08000cf8   0x08000cf8   0x00000040   Code   RO         6877    .text               mf_p.l(dfixul.o)
    0x08000d38   0x08000d38   0x00000028   Code   RO         6879    .text               mf_p.l(cdrcmple.o)
    0x08000d60   0x08000d60   0x00000024   Code   RO         6881    .text               mc_p.l(init.o)
    0x08000d84   0x08000d84   0x00000000   Code   RO         6883    .text               mc_p.l(semi.o)
    0x08000d84   0x08000d84   0x0000000e   Code   RO         6884    .text               mc_p.l(isspace_c.o)
    0x08000d92   0x08000d92   0x00000002   PAD
    0x08000d94   0x08000d94   0x00000338   Code   RO         6886    .text               mc_p.l(_scanf.o)
    0x080010cc   0x080010cc   0x00000000   Code   RO         6888    .text               mc_p.l(iusesemip.o)
    0x080010cc   0x080010cc   0x00000024   Code   RO         6889    .text               mc_p.l(ctype_c.o)
    0x080010f0   0x080010f0   0x00000056   Code   RO         6900    .text               mc_p.l(__dczerorl2.o)
    0x08001146   0x08001146   0x00000002   PAD
    0x08001148   0x08001148   0x00000068   Code   RO         6004    i.BSP_HTS221_HUMIDITY_Init  lrwan_ns1_humidity.o
    0x080011b0   0x080011b0   0x0000006c   Code   RO         6323    i.BSP_HTS221_TEMPERATURE_Init  lrwan_ns1_temperature.o
    0x0800121c   0x0800121c   0x00000020   Code   RO         6008    i.BSP_HUMIDITY_Get_Hum  lrwan_ns1_humidity.o
    0x0800123c   0x0800123c   0x00000014   Code   RO         6012    i.BSP_HUMIDITY_Init  lrwan_ns1_humidity.o
    0x08001250   0x08001250   0x0000001c   Code   RO         6018    i.BSP_HUMIDITY_Sensor_Enable  lrwan_ns1_humidity.o
    0x0800126c   0x0800126c   0x00000028   Code   RO         5421    i.BSP_LED_DeInit    stm32l0xx_nucleo.o
    0x08001294   0x08001294   0x00000050   Code   RO         5422    i.BSP_LED_Init      stm32l0xx_nucleo.o
    0x080012e4   0x080012e4   0x00000020   Code   RO         5423    i.BSP_LED_Off       stm32l0xx_nucleo.o
    0x08001304   0x08001304   0x00000020   Code   RO         5424    i.BSP_LED_On        stm32l0xx_nucleo.o
    0x08001324   0x08001324   0x00000084   Code   RO         6128    i.BSP_LPS22HB_PRESSURE_Init  lrwan_ns1_pressure.o
    0x080013a8   0x080013a8   0x0000008c   Code   RO         6324    i.BSP_LPS22HB_TEMPERATURE_Init  lrwan_ns1_temperature.o
    0x08001434   0x08001434   0x000000b0   Code   RO         6129    i.BSP_LPS25HB_PRESSURE_Init  lrwan_ns1_pressure.o
    0x080014e4   0x080014e4   0x000000bc   Code   RO         6325    i.BSP_LPS25HB_TEMPERATURE_Init  lrwan_ns1_temperature.o
    0x080015a0   0x080015a0   0x00000074   Code   RO         5428    i.BSP_PB_Init       stm32l0xx_nucleo.o
    0x08001614   0x08001614   0x00000020   Code   RO         6146    i.BSP_PRESSURE_Get_Press  lrwan_ns1_pressure.o
    0x08001634   0x08001634   0x00000044   Code   RO         6148    i.BSP_PRESSURE_Init  lrwan_ns1_pressure.o
    0x08001678   0x08001678   0x0000001c   Code   RO         6154    i.BSP_PRESSURE_Sensor_Enable  lrwan_ns1_pressure.o
    0x08001694   0x08001694   0x00000020   Code   RO         6342    i.BSP_TEMPERATURE_Get_Temp  lrwan_ns1_temperature.o
    0x080016b4   0x080016b4   0x0000005c   Code   RO         6344    i.BSP_TEMPERATURE_Init  lrwan_ns1_temperature.o
    0x08001710   0x08001710   0x0000001c   Code   RO         6350    i.BSP_TEMPERATURE_Sensor_Enable  lrwan_ns1_temperature.o
    0x0800172c   0x0800172c   0x0000003c   Code   RO          315    i.BSP_sensor_Init   bsp.o
    0x08001768   0x08001768   0x00000048   Code   RO          316    i.BSP_sensor_Read   bsp.o
    0x080017b0   0x080017b0   0x00000080   Code   RO         1072    i.DBG_Init          debug.o
    0x08001830   0x08001830   0x0000000c   Code   RO            3    i.EXTI4_15_IRQHandler  stm32l0xx_it.o
    0x0800183c   0x0800183c   0x00000018   Code   RO         1073    i.Error_Handler     debug.o
    0x08001854   0x08001854   0x00000010   Code   RO         4983    i.HAL_DBGMCU_EnableDBGSleepMode  stm32l0xx_hal.o
    0x08001864   0x08001864   0x00000010   Code   RO         4984    i.HAL_DBGMCU_EnableDBGStandbyMode  stm32l0xx_hal.o
    0x08001874   0x08001874   0x00000010   Code   RO         4985    i.HAL_DBGMCU_EnableDBGStopMode  stm32l0xx_hal.o
    0x08001884   0x08001884   0x000000e4   Code   RO         3642    i.HAL_GPIO_DeInit   stm32l0xx_hal_gpio.o
    0x08001968   0x08001968   0x00000058   Code   RO         1024    i.HAL_GPIO_EXTI_Callback  main.o
    0x080019c0   0x080019c0   0x00000018   Code   RO         3644    i.HAL_GPIO_EXTI_IRQHandler  stm32l0xx_hal_gpio.o
    0x080019d8   0x080019d8   0x00000178   Code   RO         3645    i.HAL_GPIO_Init     stm32l0xx_hal_gpio.o
    0x08001b50   0x08001b50   0x0000000a   Code   RO         3647    i.HAL_GPIO_ReadPin  stm32l0xx_hal_gpio.o
    0x08001b5a   0x08001b5a   0x0000000c   Code   RO         3649    i.HAL_GPIO_WritePin  stm32l0xx_hal_gpio.o
    0x08001b66   0x08001b66   0x00000002   PAD
    0x08001b68   0x08001b68   0x0000000c   Code   RO         4991    i.HAL_GetTick       stm32l0xx_hal.o
    0x08001b74   0x08001b74   0x00000034   Code   RO         3931    i.HAL_I2C_DeInit    stm32l0xx_hal_i2c.o
    0x08001ba8   0x08001ba8   0x00000006   Code   RO         3939    i.HAL_I2C_GetState  stm32l0xx_hal_i2c.o
    0x08001bae   0x08001bae   0x00000002   PAD
    0x08001bb0   0x08001bb0   0x000000b4   Code   RO         3940    i.HAL_I2C_Init      stm32l0xx_hal_i2c.o
    0x08001c64   0x08001c64   0x00000158   Code   RO         3956    i.HAL_I2C_Mem_Read  stm32l0xx_hal_i2c.o
    0x08001dbc   0x08001dbc   0x00000154   Code   RO         3959    i.HAL_I2C_Mem_Write  stm32l0xx_hal_i2c.o
    0x08001f10   0x08001f10   0x00000002   Code   RO         3962    i.HAL_I2C_MspDeInit  stm32l0xx_hal_i2c.o
    0x08001f12   0x08001f12   0x00000002   Code   RO         3963    i.HAL_I2C_MspInit   stm32l0xx_hal_i2c.o
    0x08001f14   0x08001f14   0x00000010   Code   RO         4992    i.HAL_IncTick       stm32l0xx_hal.o
    0x08001f24   0x08001f24   0x00000020   Code   RO         4993    i.HAL_Init          stm32l0xx_hal.o
    0x08001f44   0x08001f44   0x00000028   Code   RO         4994    i.HAL_InitTick      stm32l0xx_hal.o
    0x08001f6c   0x08001f6c   0x00000034   Code   RO          546    i.HAL_MspInit       stm32l0xx_hal_msp.o
    0x08001fa0   0x08001fa0   0x00000014   Code   RO         4739    i.HAL_NVIC_DisableIRQ  stm32l0xx_hal_cortex.o
    0x08001fb4   0x08001fb4   0x00000014   Code   RO         4740    i.HAL_NVIC_EnableIRQ  stm32l0xx_hal_cortex.o
    0x08001fc8   0x08001fc8   0x00000008   Code   RO         4744    i.HAL_NVIC_SetPriority  stm32l0xx_hal_cortex.o
    0x08001fd0   0x08001fd0   0x00000010   Code   RO         3376    i.HAL_PWREx_DisableFastWakeUp  stm32l0xx_hal_pwr_ex.o
    0x08001fe0   0x08001fe0   0x00000010   Code   RO         3381    i.HAL_PWREx_EnableUltraLowPower  stm32l0xx_hal_pwr_ex.o
    0x08001ff0   0x08001ff0   0x00000010   Code   RO         3435    i.HAL_PWR_DisablePVD  stm32l0xx_hal_pwr.o
    0x08002000   0x08002000   0x00000030   Code   RO         3444    i.HAL_PWR_EnterSLEEPMode  stm32l0xx_hal_pwr.o
    0x08002030   0x08002030   0x00000034   Code   RO         3446    i.HAL_PWR_EnterSTOPMode  stm32l0xx_hal_pwr.o
    0x08002064   0x08002064   0x000001a4   Code   RO         3719    i.HAL_RCCEx_GetPeriphCLKFreq  stm32l0xx_hal_rcc_ex.o
    0x08002208   0x08002208   0x00000198   Code   RO         3722    i.HAL_RCCEx_PeriphCLKConfig  stm32l0xx_hal_rcc_ex.o
    0x080023a0   0x080023a0   0x00000168   Code   RO         3833    i.HAL_RCC_ClockConfig  stm32l0xx_hal_rcc.o
    0x08002508   0x08002508   0x0000000c   Code   RO         3837    i.HAL_RCC_GetHCLKFreq  stm32l0xx_hal_rcc.o
    0x08002514   0x08002514   0x00000020   Code   RO         3839    i.HAL_RCC_GetPCLK1Freq  stm32l0xx_hal_rcc.o
    0x08002534   0x08002534   0x00000020   Code   RO         3840    i.HAL_RCC_GetPCLK2Freq  stm32l0xx_hal_rcc.o
    0x08002554   0x08002554   0x00000078   Code   RO         3841    i.HAL_RCC_GetSysClockFreq  stm32l0xx_hal_rcc.o
    0x080025cc   0x080025cc   0x00000452   Code   RO         3844    i.HAL_RCC_OscConfig  stm32l0xx_hal_rcc.o
    0x08002a1e   0x08002a1e   0x0000003c   Code   RO         4534    i.HAL_RTCEx_EnableBypassShadow  stm32l0xx_hal_rtc_ex.o
    0x08002a5a   0x08002a5a   0x00000008   Code   RO          547    i.HAL_RTC_AlarmAEventCallback  stm32l0xx_hal_msp.o
    0x08002a62   0x08002a62   0x000000b8   Code   RO         3246    i.HAL_RTC_DeactivateAlarm  stm32l0xx_hal_rtc.o
    0x08002b1a   0x08002b1a   0x00000044   Code   RO         3248    i.HAL_RTC_GetDate   stm32l0xx_hal_rtc.o
    0x08002b5e   0x08002b5e   0x00000002   PAD
    0x08002b60   0x08002b60   0x0000005c   Code   RO         3250    i.HAL_RTC_GetTime   stm32l0xx_hal_rtc.o
    0x08002bbc   0x08002bbc   0x000000a4   Code   RO         3251    i.HAL_RTC_Init      stm32l0xx_hal_rtc.o
    0x08002c60   0x08002c60   0x00000074   Code   RO          549    i.HAL_RTC_MspInit   stm32l0xx_hal_msp.o
    0x08002cd4   0x08002cd4   0x000001a0   Code   RO         3256    i.HAL_RTC_SetAlarm_IT  stm32l0xx_hal_rtc.o
    0x08002e74   0x08002e74   0x000000cc   Code   RO         3257    i.HAL_RTC_SetDate   stm32l0xx_hal_rtc.o
    0x08002f40   0x08002f40   0x000000f0   Code   RO         3258    i.HAL_RTC_SetTime   stm32l0xx_hal_rtc.o
    0x08003030   0x08003030   0x00000034   Code   RO         3259    i.HAL_RTC_WaitForSynchro  stm32l0xx_hal_rtc.o
    0x08003064   0x08003064   0x00000018   Code   RO         4746    i.HAL_SYSTICK_CLKSourceConfig  stm32l0xx_hal_cortex.o
    0x0800307c   0x0800307c   0x00000002   Code   RO         4747    i.HAL_SYSTICK_Callback  stm32l0xx_hal_cortex.o
    0x0800307e   0x0800307e   0x00000002   PAD
    0x08003080   0x08003080   0x00000030   Code   RO         4748    i.HAL_SYSTICK_Config  stm32l0xx_hal_cortex.o
    0x080030b0   0x080030b0   0x00000008   Code   RO         4749    i.HAL_SYSTICK_IRQHandler  stm32l0xx_hal_cortex.o
    0x080030b8   0x080030b8   0x0000003e   Code   RO         2858    i.HAL_UART_DeInit   stm32l0xx_hal_uart.o
    0x080030f6   0x080030f6   0x0000006c   Code   RO         2863    i.HAL_UART_Init     stm32l0xx_hal_uart.o
    0x08003162   0x08003162   0x00000002   PAD
    0x08003164   0x08003164   0x00000068   Code   RO          628    i.HAL_UART_MspDeInit  hw_usart.o
    0x080031cc   0x080031cc   0x00000098   Code   RO          629    i.HAL_UART_MspInit  hw_usart.o
    0x08003264   0x08003264   0x000000a0   Code   RO         2868    i.HAL_UART_Receive_IT  stm32l0xx_hal_uart.o
    0x08003304   0x08003304   0x000000c8   Code   RO         2871    i.HAL_UART_Transmit  stm32l0xx_hal_uart.o
    0x080033cc   0x080033cc   0x00000030   Code   RO         1749    i.HTS221_Activate   hts221_driver.o
    0x080033fc   0x080033fc   0x00000026   Code   RO         1555    i.HTS221_Check_WhoAmI  hts221_driver_hl.o
    0x08003422   0x08003422   0x00000032   Code   RO         1750    i.HTS221_DeActivate  hts221_driver.o
    0x08003454   0x08003454   0x00000030   Code   RO         1754    i.HTS221_Get_DataStatus  hts221_driver.o
    0x08003484   0x08003484   0x00000014   Code   RO         1755    i.HTS221_Get_DeviceID  hts221_driver.o
    0x08003498   0x08003498   0x000000d0   Code   RO         1758    i.HTS221_Get_Humidity  hts221_driver.o
    0x08003568   0x08003568   0x00000048   Code   RO         1556    i.HTS221_Get_ODR    hts221_driver_hl.o
    0x080035b0   0x080035b0   0x00000026   Code   RO         1765    i.HTS221_Get_Odr    hts221_driver.o
    0x080035d6   0x080035d6   0x00000002   PAD
    0x080035d8   0x080035d8   0x000000c0   Code   RO         1768    i.HTS221_Get_Temperature  hts221_driver.o
    0x08003698   0x08003698   0x0000000e   Code   RO         1557    i.HTS221_Get_WhoAmI  hts221_driver_hl.o
    0x080036a6   0x080036a6   0x00000008   Code   RO         1558    i.HTS221_H_Check_WhoAmI  hts221_driver_hl.o
    0x080036ae   0x080036ae   0x00000028   Code   RO         1559    i.HTS221_H_DeInit   hts221_driver_hl.o
    0x080036d6   0x080036d6   0x00000026   Code   RO         1560    i.HTS221_H_Get_DRDY_Status  hts221_driver_hl.o
    0x080036fc   0x080036fc   0x0000002c   Code   RO         1561    i.HTS221_H_Get_Hum  hts221_driver_hl.o
    0x08003728   0x08003728   0x00000008   Code   RO         1562    i.HTS221_H_Get_ODR  hts221_driver_hl.o
    0x08003730   0x08003730   0x00000008   Code   RO         1563    i.HTS221_H_Get_WhoAmI  hts221_driver_hl.o
    0x08003738   0x08003738   0x0000002a   Code   RO         1564    i.HTS221_H_Init     hts221_driver_hl.o
    0x08003762   0x08003762   0x0000000e   Code   RO         1565    i.HTS221_H_Read_Reg  hts221_driver_hl.o
    0x08003770   0x08003770   0x0000002e   Code   RO         1566    i.HTS221_H_Sensor_Disable  hts221_driver_hl.o
    0x0800379e   0x0800379e   0x00000034   Code   RO         1567    i.HTS221_H_Sensor_Enable  hts221_driver_hl.o
    0x080037d2   0x080037d2   0x00000008   Code   RO         1568    i.HTS221_H_Set_ODR  hts221_driver_hl.o
    0x080037da   0x080037da   0x00000008   Code   RO         1569    i.HTS221_H_Set_ODR_Value  hts221_driver_hl.o
    0x080037e2   0x080037e2   0x0000000e   Code   RO         1570    i.HTS221_H_Write_Reg  hts221_driver_hl.o
    0x080037f0   0x080037f0   0x00000032   Code   RO         1571    i.HTS221_Init       hts221_driver_hl.o
    0x08003822   0x08003822   0x0000001c   Code   RO         1772    i.HTS221_ReadReg    hts221_driver.o
    0x0800383e   0x0800383e   0x00000012   Code   RO         1572    i.HTS221_Read_Reg   hts221_driver_hl.o
    0x08003850   0x08003850   0x0000000e   Code   RO         1573    i.HTS221_Sensor_Disable  hts221_driver_hl.o
    0x0800385e   0x0800385e   0x0000000e   Code   RO         1574    i.HTS221_Sensor_Enable  hts221_driver_hl.o
    0x0800386c   0x0800386c   0x00000050   Code   RO         1776    i.HTS221_Set_BduMode  hts221_driver.o
    0x080038bc   0x080038bc   0x00000026   Code   RO         1575    i.HTS221_Set_ODR    hts221_driver_hl.o
    0x080038e2   0x080038e2   0x00000002   PAD
    0x080038e4   0x080038e4   0x0000002c   Code   RO         1576    i.HTS221_Set_ODR_Value  hts221_driver_hl.o
    0x08003910   0x08003910   0x00000054   Code   RO         1782    i.HTS221_Set_Odr    hts221_driver.o
    0x08003964   0x08003964   0x00000008   Code   RO         1577    i.HTS221_T_Check_WhoAmI  hts221_driver_hl.o
    0x0800396c   0x0800396c   0x00000028   Code   RO         1578    i.HTS221_T_DeInit   hts221_driver_hl.o
    0x08003994   0x08003994   0x00000026   Code   RO         1579    i.HTS221_T_Get_DRDY_Status  hts221_driver_hl.o
    0x080039ba   0x080039ba   0x00000008   Code   RO         1580    i.HTS221_T_Get_ODR  hts221_driver_hl.o
    0x080039c2   0x080039c2   0x00000002   PAD
    0x080039c4   0x080039c4   0x0000002c   Code   RO         1581    i.HTS221_T_Get_Temp  hts221_driver_hl.o
    0x080039f0   0x080039f0   0x00000008   Code   RO         1582    i.HTS221_T_Get_WhoAmI  hts221_driver_hl.o
    0x080039f8   0x080039f8   0x0000002a   Code   RO         1583    i.HTS221_T_Init     hts221_driver_hl.o
    0x08003a22   0x08003a22   0x0000000e   Code   RO         1584    i.HTS221_T_Read_Reg  hts221_driver_hl.o
    0x08003a30   0x08003a30   0x0000002e   Code   RO         1585    i.HTS221_T_Sensor_Disable  hts221_driver_hl.o
    0x08003a5e   0x08003a5e   0x00000034   Code   RO         1586    i.HTS221_T_Sensor_Enable  hts221_driver_hl.o
    0x08003a92   0x08003a92   0x00000008   Code   RO         1587    i.HTS221_T_Set_ODR  hts221_driver_hl.o
    0x08003a9a   0x08003a9a   0x00000008   Code   RO         1588    i.HTS221_T_Set_ODR_Value  hts221_driver_hl.o
    0x08003aa2   0x08003aa2   0x0000000e   Code   RO         1589    i.HTS221_T_Write_Reg  hts221_driver_hl.o
    0x08003ab0   0x08003ab0   0x0000001c   Code   RO         1785    i.HTS221_WriteReg   hts221_driver.o
    0x08003acc   0x08003acc   0x00000012   Code   RO         1590    i.HTS221_Write_Reg  hts221_driver_hl.o
    0x08003ade   0x08003ade   0x00000002   PAD
    0x08003ae0   0x08003ae0   0x0000003c   Code   RO         1786    i.HTS221_assert_failed  hts221_driver.o
    0x08003b1c   0x08003b1c   0x00000008   Code   RO         1101    i.HW_GPIO_Read      hw_gpio.o
    0x08003b24   0x08003b24   0x00000080   Code   RO          443    i.HW_GpioInit       stm32l0xx_hw.o
    0x08003ba4   0x08003ba4   0x00000028   Code   RO          444    i.HW_Init           stm32l0xx_hw.o
    0x08003bcc   0x08003bcc   0x00000026   Code   RO          195    i.HW_RTC_DelayMs    hw_rtc.o
    0x08003bf2   0x08003bf2   0x00000002   PAD
    0x08003bf4   0x08003bf4   0x000000c0   Code   RO          196    i.HW_RTC_GetCalendarValue  hw_rtc.o
    0x08003cb4   0x08003cb4   0x00000004   Code   RO          197    i.HW_RTC_GetMinimumTimeout  hw_rtc.o
    0x08003cb8   0x08003cb8   0x0000000c   Code   RO          198    i.HW_RTC_GetTimerContext  hw_rtc.o
    0x08003cc4   0x08003cc4   0x0000001c   Code   RO          199    i.HW_RTC_GetTimerElapsedTime  hw_rtc.o
    0x08003ce0   0x08003ce0   0x00000010   Code   RO          200    i.HW_RTC_GetTimerValue  hw_rtc.o
    0x08003cf0   0x08003cf0   0x0000002c   Code   RO          201    i.HW_RTC_Init       hw_rtc.o
    0x08003d1c   0x08003d1c   0x0000003c   Code   RO          202    i.HW_RTC_IrqHandler  hw_rtc.o
    0x08003d58   0x08003d58   0x0000003c   Code   RO          203    i.HW_RTC_SetAlarm   hw_rtc.o
    0x08003d94   0x08003d94   0x00000060   Code   RO          204    i.HW_RTC_SetConfig  hw_rtc.o
    0x08003df4   0x08003df4   0x00000018   Code   RO          205    i.HW_RTC_SetTimerContext  hw_rtc.o
    0x08003e0c   0x08003e0c   0x00000194   Code   RO          206    i.HW_RTC_StartWakeUpAlarm  hw_rtc.o
    0x08003fa0   0x08003fa0   0x00000020   Code   RO          207    i.HW_RTC_StopAlarm  hw_rtc.o
    0x08003fc0   0x08003fc0   0x00000010   Code   RO          208    i.HW_RTC_Tick2ms    hw_rtc.o
    0x08003fd0   0x08003fd0   0x00000010   Code   RO          210    i.HW_RTC_ms2Tick    hw_rtc.o
    0x08003fe0   0x08003fe0   0x00000020   Code   RO          630    i.HW_UART_Modem_GetNewChar  hw_usart.o
    0x08004000   0x08004000   0x000000dc   Code   RO          631    i.HW_UART_Modem_IRQHandler  hw_usart.o
    0x080040dc   0x080040dc   0x00000070   Code   RO          632    i.HW_UART_Modem_Init  hw_usart.o
    0x0800414c   0x0800414c   0x00000020   Code   RO          633    i.HW_UART_Modem_IsNewCharReceived  hw_usart.o
    0x0800416c   0x0800416c   0x00000014   Code   RO         5770    i.I2C_EXPBD_Error   lrwan_ns1.o
    0x08004180   0x08004180   0x00000048   Code   RO         5771    i.I2C_EXPBD_Init    lrwan_ns1.o
    0x080041c8   0x080041c8   0x00000064   Code   RO         5772    i.I2C_EXPBD_MspInit  lrwan_ns1.o
    0x0800422c   0x0800422c   0x00000022   Code   RO         3982    i.I2C_Flush_TXDR    stm32l0xx_hal_i2c.o
    0x0800424e   0x0800424e   0x00000002   PAD
    0x08004250   0x08004250   0x00000074   Code   RO         3990    i.I2C_IsAcknowledgeFailed  stm32l0xx_hal_i2c.o
    0x080042c4   0x080042c4   0x0000006a   Code   RO         3993    i.I2C_RequestMemoryRead  stm32l0xx_hal_i2c.o
    0x0800432e   0x0800432e   0x0000006a   Code   RO         3994    i.I2C_RequestMemoryWrite  stm32l0xx_hal_i2c.o
    0x08004398   0x08004398   0x00000024   Code   RO         3997    i.I2C_TransferConfig  stm32l0xx_hal_i2c.o
    0x080043bc   0x080043bc   0x00000048   Code   RO         3998    i.I2C_WaitOnFlagUntilTimeout  stm32l0xx_hal_i2c.o
    0x08004404   0x08004404   0x0000004e   Code   RO         4000    i.I2C_WaitOnSTOPFlagUntilTimeout  stm32l0xx_hal_i2c.o
    0x08004452   0x08004452   0x00000052   Code   RO         4001    i.I2C_WaitOnTXISFlagUntilTimeout  stm32l0xx_hal_i2c.o
    0x080044a4   0x080044a4   0x00000034   Code   RO         5538    i.LPM_EnterLowPower  low_power_manager.o
    0x080044d8   0x080044d8   0x00000002   Code   RO         5539    i.LPM_EnterOffMode  low_power_manager.o
    0x080044da   0x080044da   0x0000000c   Code   RO          445    i.LPM_EnterSleepMode  stm32l0xx_hw.o
    0x080044e6   0x080044e6   0x00000002   PAD
    0x080044e8   0x080044e8   0x00000064   Code   RO          446    i.LPM_EnterStopMode  stm32l0xx_hw.o
    0x0800454c   0x0800454c   0x00000002   Code   RO         5542    i.LPM_ExitOffMode   low_power_manager.o
    0x0800454e   0x0800454e   0x00000002   Code   RO         5543    i.LPM_ExitSleepMode  low_power_manager.o
    0x08004550   0x08004550   0x00000064   Code   RO          447    i.LPM_ExitStopMode  stm32l0xx_hw.o
    0x080045b4   0x080045b4   0x00000028   Code   RO         5545    i.LPM_GetMode       low_power_manager.o
    0x080045dc   0x080045dc   0x00000028   Code   RO         5546    i.LPM_SetOffMode    low_power_manager.o
    0x08004604   0x08004604   0x00000028   Code   RO         5547    i.LPM_SetStopMode   low_power_manager.o
    0x0800462c   0x0800462c   0x00000026   Code   RO         1982    i.LPS22HB_Check_WhoAmI  lps22hb_driver_hl.o
    0x08004652   0x08004652   0x0000001e   Code   RO         1983    i.LPS22HB_FIFO_Get_Data  lps22hb_driver_hl.o
    0x08004670   0x08004670   0x00000018   Code   RO         1984    i.LPS22HB_FIFO_Get_Empty_Status  lps22hb_driver_hl.o
    0x08004688   0x08004688   0x00000018   Code   RO         1985    i.LPS22HB_FIFO_Get_Fth_Status  lps22hb_driver_hl.o
    0x080046a0   0x080046a0   0x00000018   Code   RO         1986    i.LPS22HB_FIFO_Get_Full_Status  lps22hb_driver_hl.o
    0x080046b8   0x080046b8   0x00000018   Code   RO         1987    i.LPS22HB_FIFO_Get_Mode  lps22hb_driver_hl.o
    0x080046d0   0x080046d0   0x00000018   Code   RO         1988    i.LPS22HB_FIFO_Get_Num_Of_Samples  lps22hb_driver_hl.o
    0x080046e8   0x080046e8   0x00000018   Code   RO         1989    i.LPS22HB_FIFO_Get_Ovr_Status  lps22hb_driver_hl.o
    0x08004700   0x08004700   0x0000000e   Code   RO         1990    i.LPS22HB_FIFO_Get_Watermark_Level  lps22hb_driver_hl.o
    0x0800470e   0x0800470e   0x00000030   Code   RO         1991    i.LPS22HB_FIFO_Reset_Interrupt  lps22hb_driver_hl.o
    0x0800473e   0x0800473e   0x00000030   Code   RO         1992    i.LPS22HB_FIFO_Set_Interrupt  lps22hb_driver_hl.o
    0x0800476e   0x0800476e   0x0000002e   Code   RO         1993    i.LPS22HB_FIFO_Set_Mode  lps22hb_driver_hl.o
    0x0800479c   0x0800479c   0x0000000e   Code   RO         1994    i.LPS22HB_FIFO_Set_Watermark_Level  lps22hb_driver_hl.o
    0x080047aa   0x080047aa   0x0000001a   Code   RO         1995    i.LPS22HB_FIFO_Stop_On_Fth  lps22hb_driver_hl.o
    0x080047c4   0x080047c4   0x0000001a   Code   RO         1996    i.LPS22HB_FIFO_Usage  lps22hb_driver_hl.o
    0x080047de   0x080047de   0x0000001a   Code   RO         1997    i.LPS22HB_FIFO_Watermark_Usage  lps22hb_driver_hl.o
    0x080047f8   0x080047f8   0x0000003a   Code   RO         1172    i.LPS22HB_Get_DataStatus  lps22hb_driver.o
    0x08004832   0x08004832   0x00000014   Code   RO         1173    i.LPS22HB_Get_DeviceID  lps22hb_driver.o
    0x08004846   0x08004846   0x00000026   Code   RO         1176    i.LPS22HB_Get_FifoMode  lps22hb_driver.o
    0x0800486c   0x0800486c   0x00000046   Code   RO         1177    i.LPS22HB_Get_FifoStatus  lps22hb_driver.o
    0x080048b2   0x080048b2   0x00000022   Code   RO         1178    i.LPS22HB_Get_FifoWatermarkLevel  lps22hb_driver.o
    0x080048d4   0x080048d4   0x00000064   Code   RO         1998    i.LPS22HB_Get_ODR   lps22hb_driver_hl.o
    0x08004938   0x08004938   0x00000024   Code   RO         1184    i.LPS22HB_Get_Odr   lps22hb_driver.o
    0x0800495c   0x0800495c   0x00000028   Code   RO         1999    i.LPS22HB_Get_Press  lps22hb_driver_hl.o
    0x08004984   0x08004984   0x00000026   Code   RO         1186    i.LPS22HB_Get_Pressure  lps22hb_driver.o
    0x080049aa   0x080049aa   0x0000003c   Code   RO         1189    i.LPS22HB_Get_RawPressure  lps22hb_driver.o
    0x080049e6   0x080049e6   0x00000028   Code   RO         1190    i.LPS22HB_Get_RawTemperature  lps22hb_driver.o
    0x08004a0e   0x08004a0e   0x00000002   PAD
    0x08004a10   0x08004a10   0x00000030   Code   RO         2000    i.LPS22HB_Get_Temp  lps22hb_driver_hl.o
    0x08004a40   0x08004a40   0x00000028   Code   RO         1193    i.LPS22HB_Get_Temperature  lps22hb_driver.o
    0x08004a68   0x08004a68   0x0000000e   Code   RO         2001    i.LPS22HB_Get_WhoAmI  lps22hb_driver_hl.o
    0x08004a76   0x08004a76   0x00000002   PAD
    0x08004a78   0x08004a78   0x00000064   Code   RO         2002    i.LPS22HB_Initialize  lps22hb_driver_hl.o
    0x08004adc   0x08004adc   0x00000008   Code   RO         2003    i.LPS22HB_P_Check_WhoAmI  lps22hb_driver_hl.o
    0x08004ae4   0x08004ae4   0x00000022   Code   RO         2004    i.LPS22HB_P_DeInit  lps22hb_driver_hl.o
    0x08004b06   0x08004b06   0x00000018   Code   RO         2005    i.LPS22HB_P_Get_DRDY_Status  lps22hb_driver_hl.o
    0x08004b1e   0x08004b1e   0x00000008   Code   RO         2006    i.LPS22HB_P_Get_ODR  lps22hb_driver_hl.o
    0x08004b26   0x08004b26   0x00000008   Code   RO         2007    i.LPS22HB_P_Get_Press  lps22hb_driver_hl.o
    0x08004b2e   0x08004b2e   0x00000008   Code   RO         2008    i.LPS22HB_P_Get_WhoAmI  lps22hb_driver_hl.o
    0x08004b36   0x08004b36   0x00000026   Code   RO         2009    i.LPS22HB_P_Init    lps22hb_driver_hl.o
    0x08004b5c   0x08004b5c   0x0000000e   Code   RO         2010    i.LPS22HB_P_Read_Reg  lps22hb_driver_hl.o
    0x08004b6a   0x08004b6a   0x0000002a   Code   RO         2011    i.LPS22HB_P_Sensor_Disable  lps22hb_driver_hl.o
    0x08004b94   0x08004b94   0x00000028   Code   RO         2012    i.LPS22HB_P_Sensor_Enable  lps22hb_driver_hl.o
    0x08004bbc   0x08004bbc   0x00000020   Code   RO         2013    i.LPS22HB_P_Set_ODR  lps22hb_driver_hl.o
    0x08004bdc   0x08004bdc   0x00000020   Code   RO         2014    i.LPS22HB_P_Set_ODR_Value  lps22hb_driver_hl.o
    0x08004bfc   0x08004bfc   0x0000000e   Code   RO         2015    i.LPS22HB_P_Write_Reg  lps22hb_driver_hl.o
    0x08004c0a   0x08004c0a   0x00000030   Code   RO         1198    i.LPS22HB_ReadReg   lps22hb_driver.o
    0x08004c3a   0x08004c3a   0x00000012   Code   RO         2016    i.LPS22HB_Read_Reg  lps22hb_driver_hl.o
    0x08004c4c   0x08004c4c   0x00000004   Code   RO         5773    i.LPS22HB_Sensor_IO_ITConfig  lrwan_ns1.o
    0x08004c50   0x08004c50   0x00000036   Code   RO         1203    i.LPS22HB_Set_AutomaticIncrementRegAddress  lps22hb_driver.o
    0x08004c86   0x08004c86   0x0000003a   Code   RO         1204    i.LPS22HB_Set_Bdu   lps22hb_driver.o
    0x08004cc0   0x08004cc0   0x00000036   Code   RO         1207    i.LPS22HB_Set_FIFO_FTH_Interrupt  lps22hb_driver.o
    0x08004cf6   0x08004cf6   0x00000036   Code   RO         1208    i.LPS22HB_Set_FIFO_FULL_Interrupt  lps22hb_driver.o
    0x08004d2c   0x08004d2c   0x00000036   Code   RO         1209    i.LPS22HB_Set_FIFO_OVR_Interrupt  lps22hb_driver.o
    0x08004d62   0x08004d62   0x00000034   Code   RO         1211    i.LPS22HB_Set_FifoMode  lps22hb_driver.o
    0x08004d96   0x08004d96   0x00000036   Code   RO         1212    i.LPS22HB_Set_FifoModeUse  lps22hb_driver.o
    0x08004dcc   0x08004dcc   0x00000034   Code   RO         1213    i.LPS22HB_Set_FifoWatermarkLevel  lps22hb_driver.o
    0x08004e00   0x08004e00   0x00000036   Code   RO         1214    i.LPS22HB_Set_FifoWatermarkLevelUse  lps22hb_driver.o
    0x08004e36   0x08004e36   0x00000036   Code   RO         1222    i.LPS22HB_Set_LowPassFilter  lps22hb_driver.o
    0x08004e6c   0x08004e6c   0x00000036   Code   RO         1223    i.LPS22HB_Set_LowPassFilterCutoff  lps22hb_driver.o
    0x08004ea2   0x08004ea2   0x00000002   PAD
    0x08004ea4   0x08004ea4   0x00000034   Code   RO         2017    i.LPS22HB_Set_ODR_Value_When_Disabled  lps22hb_driver_hl.o
    0x08004ed8   0x08004ed8   0x00000058   Code   RO         2018    i.LPS22HB_Set_ODR_Value_When_Enabled  lps22hb_driver_hl.o
    0x08004f30   0x08004f30   0x00000040   Code   RO         2019    i.LPS22HB_Set_ODR_When_Disabled  lps22hb_driver_hl.o
    0x08004f70   0x08004f70   0x00000042   Code   RO         2020    i.LPS22HB_Set_ODR_When_Enabled  lps22hb_driver_hl.o
    0x08004fb2   0x08004fb2   0x00000036   Code   RO         1224    i.LPS22HB_Set_Odr   lps22hb_driver.o
    0x08004fe8   0x08004fe8   0x00000034   Code   RO         1227    i.LPS22HB_Set_PowerMode  lps22hb_driver.o
    0x0800501c   0x0800501c   0x00000008   Code   RO         2021    i.LPS22HB_T_Check_WhoAmI  lps22hb_driver_hl.o
    0x08005024   0x08005024   0x00000022   Code   RO         2022    i.LPS22HB_T_DeInit  lps22hb_driver_hl.o
    0x08005046   0x08005046   0x00000018   Code   RO         2023    i.LPS22HB_T_Get_DRDY_Status  lps22hb_driver_hl.o
    0x0800505e   0x0800505e   0x00000008   Code   RO         2024    i.LPS22HB_T_Get_ODR  lps22hb_driver_hl.o
    0x08005066   0x08005066   0x00000008   Code   RO         2025    i.LPS22HB_T_Get_Temp  lps22hb_driver_hl.o
    0x0800506e   0x0800506e   0x00000008   Code   RO         2026    i.LPS22HB_T_Get_WhoAmI  lps22hb_driver_hl.o
    0x08005076   0x08005076   0x00000026   Code   RO         2027    i.LPS22HB_T_Init    lps22hb_driver_hl.o
    0x0800509c   0x0800509c   0x0000000e   Code   RO         2028    i.LPS22HB_T_Read_Reg  lps22hb_driver_hl.o
    0x080050aa   0x080050aa   0x0000002a   Code   RO         2029    i.LPS22HB_T_Sensor_Disable  lps22hb_driver_hl.o
    0x080050d4   0x080050d4   0x00000028   Code   RO         2030    i.LPS22HB_T_Sensor_Enable  lps22hb_driver_hl.o
    0x080050fc   0x080050fc   0x00000020   Code   RO         2031    i.LPS22HB_T_Set_ODR  lps22hb_driver_hl.o
    0x0800511c   0x0800511c   0x00000020   Code   RO         2032    i.LPS22HB_T_Set_ODR_Value  lps22hb_driver_hl.o
    0x0800513c   0x0800513c   0x0000000e   Code   RO         2033    i.LPS22HB_T_Write_Reg  lps22hb_driver_hl.o
    0x0800514a   0x0800514a   0x00000030   Code   RO         1233    i.LPS22HB_WriteReg  lps22hb_driver.o
    0x0800517a   0x0800517a   0x00000012   Code   RO         2034    i.LPS22HB_Write_Reg  lps22hb_driver_hl.o
    0x0800518c   0x0800518c   0x00000010   Code   RO         2263    i.LPS25HB_Activate  lps25hb_driver.o
    0x0800519c   0x0800519c   0x00000026   Code   RO         2641    i.LPS25HB_Check_WhoAmI  lps25hb_driver_hl.o
    0x080051c2   0x080051c2   0x00000010   Code   RO         2264    i.LPS25HB_DeActivate  lps25hb_driver.o
    0x080051d2   0x080051d2   0x0000003a   Code   RO         2269    i.LPS25HB_Get_DataStatus  lps25hb_driver.o
    0x0800520c   0x0800520c   0x00000014   Code   RO         2270    i.LPS25HB_Get_DeviceID  lps25hb_driver.o
    0x08005220   0x08005220   0x00000058   Code   RO         2642    i.LPS25HB_Get_ODR   lps25hb_driver_hl.o
    0x08005278   0x08005278   0x00000024   Code   RO         2282    i.LPS25HB_Get_Odr   lps25hb_driver.o
    0x0800529c   0x0800529c   0x00000026   Code   RO         2283    i.LPS25HB_Get_Pressure  lps25hb_driver.o
    0x080052c2   0x080052c2   0x0000003c   Code   RO         2286    i.LPS25HB_Get_RawPressure  lps25hb_driver.o
    0x080052fe   0x080052fe   0x00000028   Code   RO         2287    i.LPS25HB_Get_RawTemperature  lps25hb_driver.o
    0x08005326   0x08005326   0x00000028   Code   RO         2290    i.LPS25HB_Get_Temperature  lps25hb_driver.o
    0x0800534e   0x0800534e   0x0000000e   Code   RO         2643    i.LPS25HB_Get_WhoAmI  lps25hb_driver_hl.o
    0x0800535c   0x0800535c   0x00000058   Code   RO         2644    i.LPS25HB_Init      lps25hb_driver_hl.o
    0x080053b4   0x080053b4   0x00000008   Code   RO         2645    i.LPS25HB_P_Check_WhoAmI  lps25hb_driver_hl.o
    0x080053bc   0x080053bc   0x00000028   Code   RO         2646    i.LPS25HB_P_DeInit  lps25hb_driver_hl.o
    0x080053e4   0x080053e4   0x00000018   Code   RO         2647    i.LPS25HB_P_Get_DRDY_Status  lps25hb_driver_hl.o
    0x080053fc   0x080053fc   0x00000008   Code   RO         2648    i.LPS25HB_P_Get_ODR  lps25hb_driver_hl.o
    0x08005404   0x08005404   0x00000028   Code   RO         2649    i.LPS25HB_P_Get_Press  lps25hb_driver_hl.o
    0x0800542c   0x0800542c   0x00000008   Code   RO         2650    i.LPS25HB_P_Get_WhoAmI  lps25hb_driver_hl.o
    0x08005434   0x08005434   0x0000002a   Code   RO         2651    i.LPS25HB_P_Init    lps25hb_driver_hl.o
    0x0800545e   0x0800545e   0x0000000e   Code   RO         2652    i.LPS25HB_P_Read_Reg  lps25hb_driver_hl.o
    0x0800546c   0x0800546c   0x0000002e   Code   RO         2653    i.LPS25HB_P_Sensor_Disable  lps25hb_driver_hl.o
    0x0800549a   0x0800549a   0x00000034   Code   RO         2654    i.LPS25HB_P_Sensor_Enable  lps25hb_driver_hl.o
    0x080054ce   0x080054ce   0x00000008   Code   RO         2655    i.LPS25HB_P_Set_ODR  lps25hb_driver_hl.o
    0x080054d6   0x080054d6   0x00000008   Code   RO         2656    i.LPS25HB_P_Set_ODR_Value  lps25hb_driver_hl.o
    0x080054de   0x080054de   0x0000000e   Code   RO         2657    i.LPS25HB_P_Write_Reg  lps25hb_driver_hl.o
    0x080054ec   0x080054ec   0x0000001c   Code   RO         2294    i.LPS25HB_ReadReg   lps25hb_driver.o
    0x08005508   0x08005508   0x00000012   Code   RO         2658    i.LPS25HB_Read_Reg  lps25hb_driver_hl.o
    0x0800551a   0x0800551a   0x0000000e   Code   RO         2659    i.LPS25HB_Sensor_Disable  lps25hb_driver_hl.o
    0x08005528   0x08005528   0x0000000e   Code   RO         2660    i.LPS25HB_Sensor_Enable  lps25hb_driver_hl.o
    0x08005536   0x08005536   0x00000002   PAD
    0x08005538   0x08005538   0x00000068   Code   RO         2297    i.LPS25HB_Set_Avg   lps25hb_driver.o
    0x080055a0   0x080055a0   0x0000004c   Code   RO         2300    i.LPS25HB_Set_Bdu   lps25hb_driver.o
    0x080055ec   0x080055ec   0x00000050   Code   RO         2311    i.LPS25HB_Set_InterruptCircuitEnable  lps25hb_driver.o
    0x0800563c   0x0800563c   0x0000002a   Code   RO         2661    i.LPS25HB_Set_ODR   lps25hb_driver_hl.o
    0x08005666   0x08005666   0x00000002   PAD
    0x08005668   0x08005668   0x00000038   Code   RO         2662    i.LPS25HB_Set_ODR_Value  lps25hb_driver_hl.o
    0x080056a0   0x080056a0   0x00000058   Code   RO         2317    i.LPS25HB_Set_Odr   lps25hb_driver.o
    0x080056f8   0x080056f8   0x0000004c   Code   RO         2318    i.LPS25HB_Set_PowerDownMode  lps25hb_driver.o
    0x08005744   0x08005744   0x00000048   Code   RO         2320    i.LPS25HB_Set_SpiInterface  lps25hb_driver.o
    0x0800578c   0x0800578c   0x00000008   Code   RO         2663    i.LPS25HB_T_Check_WhoAmI  lps25hb_driver_hl.o
    0x08005794   0x08005794   0x00000028   Code   RO         2664    i.LPS25HB_T_DeInit  lps25hb_driver_hl.o
    0x080057bc   0x080057bc   0x00000018   Code   RO         2665    i.LPS25HB_T_Get_DRDY_Status  lps25hb_driver_hl.o
    0x080057d4   0x080057d4   0x00000008   Code   RO         2666    i.LPS25HB_T_Get_ODR  lps25hb_driver_hl.o
    0x080057dc   0x080057dc   0x0000002c   Code   RO         2667    i.LPS25HB_T_Get_Temp  lps25hb_driver_hl.o
    0x08005808   0x08005808   0x00000008   Code   RO         2668    i.LPS25HB_T_Get_WhoAmI  lps25hb_driver_hl.o
    0x08005810   0x08005810   0x0000002a   Code   RO         2669    i.LPS25HB_T_Init    lps25hb_driver_hl.o
    0x0800583a   0x0800583a   0x0000000e   Code   RO         2670    i.LPS25HB_T_Read_Reg  lps25hb_driver_hl.o
    0x08005848   0x08005848   0x0000002e   Code   RO         2671    i.LPS25HB_T_Sensor_Disable  lps25hb_driver_hl.o
    0x08005876   0x08005876   0x00000034   Code   RO         2672    i.LPS25HB_T_Sensor_Enable  lps25hb_driver_hl.o
    0x080058aa   0x080058aa   0x00000008   Code   RO         2673    i.LPS25HB_T_Set_ODR  lps25hb_driver_hl.o
    0x080058b2   0x080058b2   0x00000008   Code   RO         2674    i.LPS25HB_T_Set_ODR_Value  lps25hb_driver_hl.o
    0x080058ba   0x080058ba   0x0000000e   Code   RO         2675    i.LPS25HB_T_Write_Reg  lps25hb_driver_hl.o
    0x080058c8   0x080058c8   0x0000001c   Code   RO         2324    i.LPS25HB_WriteReg  lps25hb_driver.o
    0x080058e4   0x080058e4   0x00000012   Code   RO         2676    i.LPS25HB_Write_Reg  lps25hb_driver_hl.o
    0x080058f6   0x080058f6   0x00000002   PAD
    0x080058f8   0x080058f8   0x00000038   Code   RO         2325    i.LPS25HB_assert_failed  lps25hb_driver.o
    0x08005930   0x08005930   0x0000002c   Code   RO          684    i.LoRa_GetAppID     lora_driver.o
    0x0800595c   0x0800595c   0x0000002c   Code   RO          686    i.LoRa_GetDeviceAddress  lora_driver.o
    0x08005988   0x08005988   0x0000002c   Code   RO          687    i.LoRa_GetDeviceID  lora_driver.o
    0x080059b4   0x080059b4   0x0000000e   Code   RO          693    i.LoRa_SetAppID     lora_driver.o
    0x080059c2   0x080059c2   0x0000000e   Code   RO          696    i.LoRa_SetDeviceID  lora_driver.o
    0x080059d0   0x080059d0   0x00000014   Code   RO          702    i.Lora_Ctx_Init     lora_driver.o
    0x080059e4   0x080059e4   0x00000070   Code   RO          704    i.Lora_GetBatLevel  lora_driver.o
    0x08005a54   0x08005a54   0x00000018   Code   RO          713    i.Lora_Init         lora_driver.o
    0x08005a6c   0x08005a6c   0x000000f8   Code   RO          714    i.Lora_Join         lora_driver.o
    0x08005b64   0x08005b64   0x00000018   Code   RO          715    i.Lora_OnJoinStatusDelayTimerEvt  lora_driver.o
    0x08005b7c   0x08005b7c   0x0000000a   Code   RO          716    i.Lora_OnLedTimerEvent  lora_driver.o
    0x08005b86   0x08005b86   0x00000002   PAD
    0x08005b88   0x08005b88   0x0000001c   Code   RO          717    i.Lora_OnNextSensorMeasureTimerEvt  lora_driver.o
    0x08005ba4   0x08005ba4   0x000000c8   Code   RO          720    i.Lora_Send         lora_driver.o
    0x08005c6c   0x08005c6c   0x00000012   Code   RO          722    i.Lora_SendDataBin  lora_driver.o
    0x08005c7e   0x08005c7e   0x0000000e   Code   RO          723    i.Lora_SetAdaptiveDataRate  lora_driver.o
    0x08005c8c   0x08005c8c   0x0000000e   Code   RO          727    i.Lora_SetDefault   lora_driver.o
    0x08005c9a   0x08005c9a   0x0000000e   Code   RO          728    i.Lora_SetDeviceBand  lora_driver.o
    0x08005ca8   0x08005ca8   0x0000000e   Code   RO          730    i.Lora_SetJoinMode  lora_driver.o
    0x08005cb6   0x08005cb6   0x0000000e   Code   RO          735    i.Lora_SetWDT       lora_driver.o
    0x08005cc4   0x08005cc4   0x0000000e   Code   RO          736    i.Lora_SleepMode    lora_driver.o
    0x08005cd2   0x08005cd2   0x00000002   PAD
    0x08005cd4   0x08005cd4   0x000001a0   Code   RO          737    i.Lora_fsm          lora_driver.o
    0x08005e74   0x08005e74   0x00000098   Code   RO         5839    i.Modem_AT_Cmd      lrwan_ns1_atcmd.o
    0x08005f0c   0x08005f0c   0x00000018   Code   RO         5840    i.Modem_IO_DeInit   lrwan_ns1_atcmd.o
    0x08005f24   0x08005f24   0x00000012   Code   RO         5841    i.Modem_IO_Init     lrwan_ns1_atcmd.o
    0x08005f36   0x08005f36   0x00000002   PAD
    0x08005f38   0x08005f38   0x00000044   Code   RO         4750    i.NVIC_SetPriority  stm32l0xx_hal_cortex.o
    0x08005f7c   0x08005f7c   0x00000070   Code   RO         3845    i.RCC_SetFlashLatencyFromMSIRange  stm32l0xx_hal_rcc.o
    0x08005fec   0x08005fec   0x00000010   Code   RO         3260    i.RTC_Bcd2ToByte    stm32l0xx_hal_rtc.o
    0x08005ffc   0x08005ffc   0x00000016   Code   RO         3261    i.RTC_ByteToBcd2    stm32l0xx_hal_rtc.o
    0x08006012   0x08006012   0x00000038   Code   RO         3262    i.RTC_EnterInitMode  stm32l0xx_hal_rtc.o
    0x0800604a   0x0800604a   0x00000008   Code   RO            4    i.RTC_IRQHandler    stm32l0xx_it.o
    0x08006052   0x08006052   0x00000002   PAD
    0x08006054   0x08006054   0x00000158   Code   RO         1025    i.SensorMeasureData  main.o
    0x080061ac   0x080061ac   0x0000000e   Code   RO         5776    i.Sensor_IO_Init    lrwan_ns1.o
    0x080061ba   0x080061ba   0x00000002   PAD
    0x080061bc   0x080061bc   0x00000030   Code   RO         5777    i.Sensor_IO_Read    lrwan_ns1.o
    0x080061ec   0x080061ec   0x00000030   Code   RO         5778    i.Sensor_IO_Write   lrwan_ns1.o
    0x0800621c   0x0800621c   0x0000000c   Code   RO            5    i.SysTick_Handler   stm32l0xx_it.o
    0x08006228   0x08006228   0x000000c0   Code   RO          448    i.SystemClock_Config  stm32l0xx_hw.o
    0x080062e8   0x080062e8   0x00000054   Code   RO         5383    i.SystemInit        system_stm32l0xx.o
    0x0800633c   0x0800633c   0x0000000c   Code   RO         5679    i.TimerGetCurrentTime  timeserver.o
    0x08006348   0x08006348   0x00000018   Code   RO         5680    i.TimerGetElapsedTime  timeserver.o
    0x08006360   0x08006360   0x0000000e   Code   RO         5681    i.TimerInit         timeserver.o
    0x0800636e   0x0800636e   0x00000002   PAD
    0x08006370   0x08006370   0x0000001c   Code   RO         5682    i.TimerInsertNewHeadTimer  timeserver.o
    0x0800638c   0x0800638c   0x00000078   Code   RO         5683    i.TimerIrqHandler   timeserver.o
    0x08006404   0x08006404   0x0000002c   Code   RO         5685    i.TimerSetTimeout   timeserver.o
    0x08006430   0x08006430   0x00000022   Code   RO         5686    i.TimerSetValue     timeserver.o
    0x08006452   0x08006452   0x00000002   PAD
    0x08006454   0x08006454   0x00000070   Code   RO         5687    i.TimerStart        timeserver.o
    0x080064c4   0x080064c4   0x00000060   Code   RO         5688    i.TimerStop         timeserver.o
    0x08006524   0x08006524   0x000000ca   Code   RO         2876    i.UART_AdvFeatureConfig  stm32l0xx_hal_uart.o
    0x080065ee   0x080065ee   0x00000002   PAD
    0x080065f0   0x080065f0   0x00000060   Code   RO         2877    i.UART_CheckIdleState  stm32l0xx_hal_uart.o
    0x08006650   0x08006650   0x0000021c   Code   RO         2891    i.UART_SetConfig    stm32l0xx_hal_uart.o
    0x0800686c   0x0800686c   0x00000062   Code   RO         2893    i.UART_WaitOnFlagUntilTimeout  stm32l0xx_hal_uart.o
    0x080068ce   0x080068ce   0x00000002   PAD
    0x080068d0   0x080068d0   0x00000010   Code   RO            6    i.USART1_IRQHandler  stm32l0xx_it.o
    0x080068e0   0x080068e0   0x00000020   Code   RO         6777    i.__0printf         mc_p.l(printfa.o)
    0x08006900   0x08006900   0x00000028   Code   RO         6779    i.__0sprintf        mc_p.l(printfa.o)
    0x08006928   0x08006928   0x0000002e   Code   RO         6875    i.__ARM_clz         mf_p.l(depilogue.o)
    0x08006956   0x08006956   0x00000030   Code   RO          303    i.__ARM_common_ll_muluu  hw_rtc.o
    0x08006986   0x08006986   0x0000001a   Code   RO          605    i.__ARM_common_switch8  tiny_sscanf.o
    0x080069a0   0x080069a0   0x0000000e   Code   RO         6894    i.__scatterload_copy  mc_p.l(handlers.o)
    0x080069ae   0x080069ae   0x00000002   Code   RO         6895    i.__scatterload_null  mc_p.l(handlers.o)
    0x080069b0   0x080069b0   0x0000000e   Code   RO         6896    i.__scatterload_zeroinit  mc_p.l(handlers.o)
    0x080069be   0x080069be   0x00000002   PAD
    0x080069c0   0x080069c0   0x00000174   Code   RO         6784    i._fp_digits        mc_p.l(printfa.o)
    0x08006b34   0x08006b34   0x000006ec   Code   RO         6785    i._printf_core      mc_p.l(printfa.o)
    0x08007220   0x08007220   0x00000020   Code   RO         6786    i._printf_post_padding  mc_p.l(printfa.o)
    0x08007240   0x08007240   0x0000002c   Code   RO         6787    i._printf_pre_padding  mc_p.l(printfa.o)
    0x0800726c   0x0800726c   0x0000000a   Code   RO         6789    i._sputc            mc_p.l(printfa.o)
    0x08007276   0x08007276   0x00000002   PAD
    0x08007278   0x08007278   0x000003d8   Code   RO         5842    i.at_cmd_format     lrwan_ns1_atcmd.o
    0x08007650   0x08007650   0x00000128   Code   RO         5843    i.at_cmd_receive    lrwan_ns1_atcmd.o
    0x08007778   0x08007778   0x00000098   Code   RO         5844    i.at_cmd_receive_evt  lrwan_ns1_atcmd.o
    0x08007810   0x08007810   0x0000001c   Code   RO         5845    i.at_cmd_send       lrwan_ns1_atcmd.o
    0x0800782c   0x0800782c   0x0000002c   Code   RO         5846    i.at_cmd_vprintf    lrwan_ns1_atcmd.o
    0x08007858   0x08007858   0x00000034   Code   RO         5848    i.atctl_at          lrwan_ns1_atcmd.o
    0x0800788c   0x0800788c   0x00000098   Code   RO         5850    i.atctl_delay       lrwan_ns1_atcmd.o
    0x08007924   0x08007924   0x00000074   Code   RO         5851    i.atctl_dr          lrwan_ns1_atcmd.o
    0x08007998   0x08007998   0x00000130   Code   RO         5852    i.atctl_id          lrwan_ns1_atcmd.o
    0x08007ac8   0x08007ac8   0x000000d0   Code   RO         5853    i.atctl_join        lrwan_ns1_atcmd.o
    0x08007b98   0x08007b98   0x00000094   Code   RO         5854    i.atctl_lw          lrwan_ns1_atcmd.o
    0x08007c2c   0x08007c2c   0x00000078   Code   RO         5855    i.atctl_mode        lrwan_ns1_atcmd.o
    0x08007ca4   0x08007ca4   0x0000010c   Code   RO         5856    i.atctl_msg         lrwan_ns1_atcmd.o
    0x08007db0   0x08007db0   0x00000070   Code   RO         5857    i.atctl_parse       lrwan_ns1_atcmd.o
    0x08007e20   0x08007e20   0x00000014   Code   RO         5858    i.atctl_reset       lrwan_ns1_atcmd.o
    0x08007e34   0x08007e34   0x000000b0   Code   RO         5859    i.atctl_rx          lrwan_ns1_atcmd.o
    0x08007ee4   0x08007ee4   0x000000a4   Code   RO         5860    i.atctl_rx_byte     lrwan_ns1_atcmd.o
    0x08007f88   0x08007f88   0x00000058   Code   RO         5862    i.atctl_vdd         lrwan_ns1_atcmd.o
    0x08007fe0   0x08007fe0   0x0000002c   Code   RO         5863    i.atctl_ver         lrwan_ns1_atcmd.o
    0x0800800c   0x0800800c   0x00000104   Code   RO         1147    i.ee_number         tiny_vsnprintf.o
    0x08008110   0x08008110   0x00000012   Code   RO         6853    i.fputc             mc_p.l(fputc.o)
    0x08008122   0x08008122   0x00000002   PAD
    0x08008124   0x08008124   0x0000000c   Code   RO          738    i.lora_getDeviceState  lora_driver.o
    0x08008130   0x08008130   0x0000005c   Code   RO         1026    i.main              main.o
    0x0800818c   0x0800818c   0x0000015c   Code   RO         1148    i.tiny_vsnprintf_like  tiny_vsnprintf.o
    0x080082e8   0x080082e8   0x00000018   Data   RO          213    .constdata          hw_rtc.o
    0x08008300   0x08008300   0x00000019   Data   RO         5384    .constdata          system_stm32l0xx.o
    0x08008319   0x08008319   0x00000008   Data   RO         5385    .constdata          system_stm32l0xx.o
    0x08008321   0x08008321   0x00000001   PAD
    0x08008322   0x08008322   0x00000006   Data   RO         5430    .constdata          stm32l0xx_nucleo.o
    0x08008328   0x08008328   0x00000278   Data   RO         5865    .constdata          lrwan_ns1_atcmd.o
    0x080085a0   0x080085a0   0x00000040   Data   RO         6890    .constdata          mc_p.l(ctype_c.o)
    0x080085e0   0x080085e0   0x00000042   Data   RO         1028    .conststring        main.o
    0x08008622   0x08008622   0x00000002   PAD
    0x08008624   0x08008624   0x0000004d   Data   RO         1149    .conststring        tiny_vsnprintf.o
    0x08008671   0x08008671   0x00000003   PAD
    0x08008674   0x08008674   0x00000043   Data   RO         1787    .conststring        hts221_driver.o
    0x080086b7   0x080086b7   0x00000001   PAD
    0x080086b8   0x080086b8   0x00000045   Data   RO         2326    .conststring        lps25hb_driver.o
    0x080086fd   0x080086fd   0x00000003   PAD
    0x08008700   0x08008700   0x00000406   Data   RO         5866    .conststring        lrwan_ns1_atcmd.o
    0x08008b06   0x08008b06   0x00000002   PAD
    0x08008b08   0x08008b08   0x00000020   Data   RO         6892    Region$$Table       anon$$obj.o


    Execution Region RW_IRAM1 (Exec base: 0x20000000, Load base: 0x08008b28, Size: 0x00001220, Max: 0x00002000, ABSOLUTE, COMPRESSED[0x000001ec])

    Exec Addr    Load Addr    Size         Type   Attr      Idx    E Section Name        Object

    0x20000000   COMPRESSED   0x00000004   Data   RW          214    .data               hw_rtc.o
    0x20000004   COMPRESSED   0x00000010   Data   RW          318    .data               bsp.o
    0x20000014   COMPRESSED   0x00000002   Data   RW          450    .data               stm32l0xx_hw.o
    0x20000016   COMPRESSED   0x00000002   PAD
    0x20000018   COMPRESSED   0x00000024   Data   RW          742    .data               lora_driver.o
    0x2000003c   COMPRESSED   0x00000010   Data   RW         1029    .data               main.o
    0x2000004c   COMPRESSED   0x00000008   Data   RW         1150    .data               tiny_vsnprintf.o
    0x20000054   COMPRESSED   0x00000034   Data   RW         1591    .data               hts221_driver_hl.o
    0x20000088   COMPRESSED   0x00000034   Data   RW         1592    .data               hts221_driver_hl.o
    0x200000bc   COMPRESSED   0x00000004   Data   RW         1593    .data               hts221_driver_hl.o
    0x200000c0   COMPRESSED   0x00000034   Data   RW         2035    .data               lps22hb_driver_hl.o
    0x200000f4   COMPRESSED   0x00000034   Data   RW         2036    .data               lps22hb_driver_hl.o
    0x20000128   COMPRESSED   0x0000003c   Data   RW         2037    .data               lps22hb_driver_hl.o
    0x20000164   COMPRESSED   0x0000003c   Data   RW         2038    .data               lps22hb_driver_hl.o
    0x200001a0   COMPRESSED   0x00000008   Data   RW         2039    .data               lps22hb_driver_hl.o
    0x200001a8   COMPRESSED   0x00000034   Data   RW         2677    .data               lps25hb_driver_hl.o
    0x200001dc   COMPRESSED   0x00000034   Data   RW         2678    .data               lps25hb_driver_hl.o
    0x20000210   COMPRESSED   0x00000008   Data   RW         2679    .data               lps25hb_driver_hl.o
    0x20000218   COMPRESSED   0x00000004   Data   RW         5003    .data               stm32l0xx_hal.o
    0x2000021c   COMPRESSED   0x00000004   Data   RW         5386    .data               system_stm32l0xx.o
    0x20000220   COMPRESSED   0x00000010   Data   RW         5431    .data               stm32l0xx_nucleo.o
    0x20000230   COMPRESSED   0x00000008   Data   RW         5548    .data               low_power_manager.o
    0x20000238   COMPRESSED   0x00000004   Data   RW         5689    .data               timeserver.o
    0x2000023c   COMPRESSED   0x00000004   Data   RW         5780    .data               lrwan_ns1.o
    0x20000240   COMPRESSED   0x000000e4   Data   RW         5867    .data               lrwan_ns1_atcmd.o
    0x20000324   COMPRESSED   0x0000000c   Data   RW         6023    .data               lrwan_ns1_humidity.o
    0x20000330   COMPRESSED   0x0000000c   Data   RW         6159    .data               lrwan_ns1_pressure.o
    0x2000033c   COMPRESSED   0x00000010   Data   RW         6355    .data               lrwan_ns1_temperature.o
    0x2000034c   COMPRESSED   0x00000004   Data   RW         6855    .data               mc_p.l(stdout.o)
    0x20000350        -       0x00000068   Zero   RW          212    .bss                hw_rtc.o
    0x200003b8        -       0x000002ec   Zero   RW          634    .bss                hw_usart.o
    0x200006a4        -       0x000000b4   Zero   RW          739    .bss                lora_driver.o
    0x20000758        -       0x00000040   Zero   RW          740    .bss                lora_driver.o
    0x20000798        -       0x00000018   Zero   RW         1027    .bss                main.o
    0x200007b0        -       0x0000004c   Zero   RW         5779    .bss                lrwan_ns1.o
    0x200007fc        -       0x0000054c   Zero   RW         5864    .bss                lrwan_ns1_atcmd.o
    0x20000d48        -       0x00000014   Zero   RW         6022    .bss                lrwan_ns1_humidity.o
    0x20000d5c        -       0x00000054   Zero   RW         6158    .bss                lrwan_ns1_pressure.o
    0x20000db0        -       0x00000070   Zero   RW         6354    .bss                lrwan_ns1_temperature.o
    0x20000e20        -       0x00000400   Zero   RW         5761    STACK               startup_stm32l053xx.o


==============================================================================

Image component sizes


      Code (inc. data)   RO Data    RW Data    ZI Data      Debug   Object Name

       132         16          0         16          0      36676   bsp.o
       152         24          0          0          0       1523   debug.o
       884         78         67          0          0      10948   hts221_driver.o
       980         38          0        108          0      28086   hts221_driver_hl.o
         8          0          0          0          0       1007   hw_gpio.o
      1090        142         24          4        104      11725   hw_rtc.o
       652         54          0          0        748       5661   hw_usart.o
      1356        224          0         36        244      17726   lora_driver.o
       178         22          0          8          0       5702   low_power_manager.o
      1230          0          0          0          0      22077   lps22hb_driver.o
      1672        100          0        232          0      43367   lps22hb_driver_hl.o
       932         74         69          0          0      15623   lps25hb_driver.o
      1018         42          0        112          0      28233   lps25hb_driver_hl.o
       306         46          0          4         76       6160   lrwan_ns1.o
      3670        900       1662        228       1356      26716   lrwan_ns1_atcmd.o
       184         16          0         12         20       4180   lrwan_ns1_humidity.o
       436         38          0         12         84       5278   lrwan_ns1_pressure.o
       588         54          0         16        112       6242   lrwan_ns1_temperature.o
       524        104         66         16         24      13572   main.o
        28          8        192          0       1024        688   startup_stm32l053xx.o
       148         36          0          4          0       5728   stm32l0xx_hal.o
       198         34          0          0          0      14037   stm32l0xx_hal_cortex.o
       650         62          0          0          0       5168   stm32l0xx_hal_gpio.o
      1556         26          0          0          0      15928   stm32l0xx_hal_i2c.o
       176         32          0          0          0       3010   stm32l0xx_hal_msp.o
       116         22          0          0          0       2122   stm32l0xx_hal_pwr.o
        32          8          0          0          0       1290   stm32l0xx_hal_pwr_ex.o
      1774        126          0          0          0       7932   stm32l0xx_hal_rcc.o
       828         52          0          0          0       3657   stm32l0xx_hal_rcc_ex.o
      1514         26          0          0          0      10804   stm32l0xx_hal_rtc.o
        60          0          0          0          0       1363   stm32l0xx_hal_rtc_ex.o
      1466         78          0          0          0       9081   stm32l0xx_hal_uart.o
       572         68          0          2          0      11820   stm32l0xx_hw.o
        48          6          0          0          0     396709   stm32l0xx_it.o
       300         58          6         16          0       5451   stm32l0xx_nucleo.o
        84         18         33          4          0       1815   system_stm32l0xx.o
       484         18          0          4          0       8675   timeserver.o
        26          0          0          0          0        636   tiny_sscanf.o
       608         16         77          8          0       4686   tiny_vsnprintf.o

    ----------------------------------------------------------------------
     26714       2666       2240        844       3792     801102   Object Totals
         0          0         32          0          0          0   (incl. Generated)
        54          0         12          2          0          0   (incl. Padding)

    ----------------------------------------------------------------------

      Code (inc. data)   RO Data    RW Data    ZI Data      Debug   Library Member Name

        60         10          0          0          0         84   __0sscanf.o
        86          0          0          0          0          0   __dczerorl2.o
        30          0          0          0          0         60   _chval.o
       824         12          0          0          0         84   _scanf.o
       330          0          0          0          0         84   _scanf_int.o
       232          0          0          0          0         84   _scanf_str.o
        68          0          0          0          0         76   _sgetc.o
        36          4         64          0          0         60   ctype_c.o
         0          0          0          0          0          0   entry.o
         0          0          0          0          0          0   entry10a.o
         0          0          0          0          0          0   entry11a.o
         8          4          0          0          0          0   entry2.o
         4          0          0          0          0          0   entry5.o
         0          0          0          0          0          0   entry7b.o
         0          0          0          0          0          0   entry8b.o
         8          4          0          0          0          0   entry9a.o
        18          0          0          0          0         72   fputc.o
        30          0          0          0          0          0   handlers.o
        40          0          0          0          0         72   idiv.o
        36          8          0          0          0         68   init.o
        14          0          0          0          0         68   isspace_c.o
         0          0          0          0          0          0   iusefp.o
         0          0          0          0          0          0   iusesemip.o
        32          0          0          0          0         68   llshl.o
        38          0          0          0          0         68   llsshr.o
        34          0          0          0          0         68   llushr.o
        26          0          0          0          0         72   memcmp.o
        36          0          0          0          0         60   memcpya.o
        36          0          0          0          0        100   memseta.o
      2302        102          0          0          0        556   printfa.o
        44          8          0          0          0         84   scanf_char.o
         0          0          0          0          0          0   semi.o
         0          0          0          4          0          0   stdout.o
        14          0          0          0          0         60   strlen.o
        46          0          0          0          0         76   strncasecmp.o
        12          0          0          0          0         60   tolower.o
        44          0          0          0          0         72   uidiv.o
        96          0          0          0          0         84   uldiv.o
        40          2          0          0          0         68   cdrcmple.o
        56          0          0          0          0         68   d2f.o
       356          4          0          0          0        140   dadd.o
       240          6          0          0          0         84   ddiv.o
       236          0          0          0          0        216   depilogue.o
        60         10          0          0          0         68   dfixui.o
        64         10          0          0          0         68   dfixul.o
       208          6          0          0          0         88   dmul.o
        40          0          0          0          0         60   f2d.o
       178          0          0          0          0        108   fadd.o
       124          0          0          0          0         72   fdiv.o
       130          0          0          0          0        144   fepilogue.o
        50          0          0          0          0         60   ffixi.o
        40          0          0          0          0         60   ffixui.o
        22          0          0          0          0         68   fflti.o
        14          0          0          0          0         68   ffltui.o
       122          0          0          0          0         72   fmul.o
        24          0          0          0          0         60   fscalb.o

    ----------------------------------------------------------------------
      6606        190         64          4          0       3812   Library Totals
        18          0          0          0          0          0   (incl. Padding)

    ----------------------------------------------------------------------

      Code (inc. data)   RO Data    RW Data    ZI Data      Debug   Library Name

      4584        152         64          4          0       2240   mc_p.l
      2004         38          0          0          0       1572   mf_p.l

    ----------------------------------------------------------------------
      6606        190         64          4          0       3812   Library Totals

    ----------------------------------------------------------------------

==============================================================================


      Code (inc. data)   RO Data    RW Data    ZI Data      Debug   

     33320       2856       2304        848       3792     786298   Grand Totals
     33320       2856       2304        492       3792     786298   ELF Image Totals (compressed)
     33320       2856       2304        492          0          0   ROM Totals

==============================================================================

    Total RO  Size (Code + RO Data)                35624 (  34.79kB)
    Total RW  Size (RW Data + ZI Data)              4640 (   4.53kB)
    Total ROM Size (Code + RO Data + RW Data)      36116 (  35.27kB)

==============================================================================

