<html>
<body>
<pre>
<h1>µVision Build Log</h1>
<h2>Tool Versions:</h2>
IDE-Version: µVision V5.24.2.0
Copyright (C) 2017 ARM Ltd and ARM Germany GmbH. All rights reserved.
License Information: gaurav sharma, genus, LIC=I2BZB-2FIP6-97K89-HYYGZ-JWCZ1-LY2PW
 
Tool Versions:
Toolchain:       MDK-ARM Cortex-M0/M0+ 256K for ST  Version: 5.24.1
Toolchain Path:  C:\Keil_v5\ARM\ARMCC\Bin
C Compiler:      Armcc.exe V5.06 update 5 (build 528)
Assembler:       Armasm.exe V5.06 update 5 (build 528)
Linker/Locator:  ArmLink.exe V5.06 update 5 (build 528)
Library Manager: ArmAr.exe V5.06 update 5 (build 528)
Hex Converter:   FromElf.exe V5.06 update 5 (build 528)
CPU DLL:         SARMCM3.DLL V5.24.1
Dialog DLL:      DARMCM1.DLL V1.18.0.0
Target DLL:      STLink\ST-LINKIII-KEIL_SWO.dll V3.0.1.0
Dialog DLL:      TARMCM1.DLL V1.13.0.0
 
<h2>Project:</h2>
C:\Users\gaurav.sharma\Downloads\en.i-cube_lrwan\STM32CubeExpansion_LRWAN_V1.1.3\Projects\Multi\Applications\LoRa\PingPong\MDK-ARM\STM32L073RZ-Nucleo\Lora.uvprojx
Project File Date:  12/23/2017

<h2>Output:</h2>
*** Using Compiler 'V5.06 update 5 (build 528)', folder: 'C:\Keil_v5\ARM\ARMCC\Bin'
Build target 'sx1272mb2das'
compiling stm32l0xx_nucleo.c...
compiling sx1272mb2das.c...
compiling sx1272.c...
compiling system_stm32l0xx.c...
compiling stm32l0xx_hal_spi.c...
compiling stm32l0xx_hal_uart.c...
compiling stm32l0xx_hal_adc.c...
compiling stm32l0xx_hal.c...
compiling stm32l0xx_hal_rcc_ex.c...
compiling stm32l0xx_hal_rcc.c...
compiling stm32l0xx_hal_cortex.c...
compiling stm32l0xx_hal_gpio.c...
compiling stm32l0xx_hal_dma.c...
compiling stm32l0xx_hal_pwr_ex.c...
compiling stm32l0xx_hal_pwr.c...
compiling stm32l0xx_hal_rtc.c...
compiling stm32l0xx_hal_tim_ex.c...
compiling stm32l0xx_hal_rtc_ex.c...
compiling stm32l0xx_hal_tim.c...
compiling stm32l0xx_hal_adc_ex.c...
assembling startup_stm32l073xx.s...
compiling stm32l0xx_hal_uart_ex.c...
compiling stm32l0xx_hal_i2c.c...
compiling debug.c...
compiling hw_gpio.c...
compiling hw_rtc.c...
compiling main.c...
compiling hw_spi.c...
compiling stm32l0xx_hal_msp.c...
compiling vcom.c...
compiling stm32l0xx_it.c...
compiling stm32l0xx_hw.c...
compiling delay.c...
compiling low_power_manager.c...
compiling timeServer.c...
compiling utilities.c...
linking...
Program Size: Code=22412 RO-data=624 RW-data=92 ZI-data=2276  
FromELF: creating hex file...
".\sx1272mb2das\NUCLEO_CUBE_LORA.axf" - 0 Error(s), 0 Warning(s).

<h2>Software Packages used:</h2>

Package Vendor: Keil
                http://www.keil.com/pack/Keil.STM32L0xx_DFP.1.6.1.pack
                Keil.STM32L0xx_DFP.1.6.1
                STMicroelectronics STM32L0 Series Device Support and Examples

<h2>Collection of Component include folders:</h2>
  .\RTE\_sx1272mb2das
  C:\Keil_v5\ARM\PACK\Keil\STM32L0xx_DFP\1.6.1\Device\Include

<h2>Collection of Component Files used:</h2>
Build Time Elapsed:  00:00:29
</pre>
</body>
</html>
