<html>
<body>
<pre>
<h1>µVision Build Log</h1>
<h2>Tool Versions:</h2>
IDE-Version: µVision V5.24.2.0
Copyright (C) 2017 ARM Ltd and ARM Germany GmbH. All rights reserved.
License Information: gaurav sharma, genus, LIC=9DAUI-T2LBY-N1Z6J-7GAZN-ZYPSU-1PV4Y
 
Tool Versions:
Toolchain:       MDK-ARM Cortex-M0/M0+ 256K for ST  Version: 5.24.1
Toolchain Path:  C:\Keil_v5\ARM\ARMCC\Bin
C Compiler:      Armcc.exe V5.06 update 5 (build 528)
Assembler:       Armasm.exe V5.06 update 5 (build 528)
Linker/Locator:  ArmLink.exe V5.06 update 5 (build 528)
Library Manager: ArmAr.exe V5.06 update 5 (build 528)
Hex Converter:   FromElf.exe V5.06 update 5 (build 528)
CPU DLL:         SARMCM3.DLL V5.24.1
Dialog DLL:      DARMCM1.DLL V1.18.0.0
Target DLL:      UL2CM3.DLL V1.160.3.0
Dialog DLL:      TARMCM1.DLL V1.13.0.0
 
<h2>Project:</h2>
C:\Users\gaurav.sharma\Desktop\latest\modifiedforstml071\lora_genus\STM32CubeExpansion_LRWAN_V1.1.3\Projects\Multi\Applications\LoRa\End_Node\MDK-ARM\STM32L073RZ-Nucleo\Lora.uvprojx
Project File Date:  02/27/2018

<h2>Output:</h2>
*** Using Compiler 'V5.06 update 5 (build 528)', folder: 'C:\Keil_v5\ARM\ARMCC\Bin'
Build target 'sx1272mb2das'
compiling main.c...
..\..\src\main.c(267): warning:  #177-D: variable "ptrChr"  was declared but never referenced
  char *ptrChr;
..\..\src\main.c(269): warning:  #177-D: variable "NoReturnCode"  was declared but never referenced
  uint8_t NoReturnCode =1;   /*too discriminate the Get reurn code from return value*/
..\..\src\main.c(274): warning:  #177-D: variable "j"  was declared but never referenced
  	int j=0;
..\..\src\main.c(343): warning:  #550-D: variable "pressure"  was set but never used
    uint16_t pressure = 0;
..\..\src\main.c(344): warning:  #550-D: variable "temperature"  was set but never used
    int16_t temperature = 0;
..\..\src\main.c(345): warning:  #550-D: variable "humidity"  was set but never used
    uint16_t humidity = 0;
..\..\src\main.c(346): warning:  #550-D: variable "batteryLevel"  was set but never used
    uint8_t batteryLevel;
..\..\src\main.c(375): warning:  #177-D: variable "cchannel"  was declared but never referenced
    uint8_t cchannel=0;
..\..\src\main.c(128): warning:  #177-D: variable "AppDataBuff"  was declared but never referenced
  static uint8_t AppDataBuff[LORAWAN_APP_DATA_BUFF_SIZE];
..\..\src\main.c(171): warning:  #177-D: variable "AppLedStateOn"  was declared but never referenced
  static uint8_t AppLedStateOn = RESET;
..\..\src\main.c: 10 warnings, 0 errors
linking...
Program Size: Code=39428 RO-data=1500 RW-data=344 ZI-data=5840  
FromELF: creating hex file...
".\sx1272mb2das\NUCLEO_CUBE_LORA.axf" - 0 Error(s), 10 Warning(s).

<h2>Software Packages used:</h2>

Package Vendor: Keil
                http://www.keil.com/pack/Keil.STM32L0xx_DFP.2.0.0.pack
                Keil.STM32L0xx_DFP.2.0.0
                STMicroelectronics STM32L0 Series Device Support, Drivers and Examples

<h2>Collection of Component include folders:</h2>
  .\RTE\_sx1272mb2das
  C:\Keil_v5\ARM\PACK\Keil\STM32L0xx_DFP\2.0.0\Drivers\CMSIS\Device\ST\STM32L0xx\Include

<h2>Collection of Component Files used:</h2>
Build Time Elapsed:  00:00:02
</pre>
</body>
</html>
