<html>
<body>
<pre>
<h1>µVision Build Log</h1>
<h2>Tool Versions:</h2>
IDE-Version: µVision V5.24.2.0
Copyright (C) 2017 ARM Ltd and ARM Germany GmbH. All rights reserved.
License Information: gaurav sharma, genus, LIC=9DAUI-T2LBY-N1Z6J-7GAZN-ZYPSU-1PV4Y
 
Tool Versions:
Toolchain:       MDK-ARM Cortex-M0/M0+ 256K for ST  Version: 5.24.1
Toolchain Path:  C:\Keil_v5\ARM\ARMCC\Bin
C Compiler:      Armcc.exe V5.06 update 5 (build 528)
Assembler:       Armasm.exe V5.06 update 5 (build 528)
Linker/Locator:  ArmLink.exe V5.06 update 5 (build 528)
Library Manager: ArmAr.exe V5.06 update 5 (build 528)
Hex Converter:   FromElf.exe V5.06 update 5 (build 528)
CPU DLL:         SARMCM3.DLL V5.24.1
Dialog DLL:      DARMCM1.DLL V1.18.0.0
Target DLL:      UL2CM3.DLL V1.160.3.0
Dialog DLL:      TARMCM1.DLL V1.13.0.0
 
<h2>Project:</h2>
C:\Users\gaurav.sharma\Desktop\modified for stml071\STM32CubeExpansion_LRWAN_V1.1.3\Projects\Multi\Applications\LoRa\End_Node\MDK-ARM\STM32L073RZ-Nucleo\Lora.uvprojx
Project File Date:  02/08/2018

<h2>Output:</h2>
*** Using Compiler 'V5.06 update 5 (build 528)', folder: 'C:\Keil_v5\ARM\ARMCC\Bin'
Build target 'sx1272mb2das'
compiling bsp.c...
compiling sx1272mb2das.c...
compiling sx1272.c...
compiling debug.c...
compiling hw_gpio.c...
compiling hw_rtc.c...
compiling hw_spi.c...
compiling main.c...
..\..\src\main.c(258): warning:  #177-D: variable "ptrChr"  was declared but never referenced
  char *ptrChr;
..\..\src\main.c(260): warning:  #177-D: variable "NoReturnCode"  was declared but never referenced
  uint8_t NoReturnCode =1;   /*too discriminate the Get reurn code from return value*/
..\..\src\main.c(264): warning:  #177-D: variable "j"  was declared but never referenced
  	int j=0;
..\..\src\main.c(315): warning:  #550-D: variable "pressure"  was set but never used
    uint16_t pressure = 0;
..\..\src\main.c(316): warning:  #550-D: variable "temperature"  was set but never used
    int16_t temperature = 0;
..\..\src\main.c(317): warning:  #550-D: variable "humidity"  was set but never used
    uint16_t humidity = 0;
..\..\src\main.c(318): warning:  #550-D: variable "batteryLevel"  was set but never used
    uint8_t batteryLevel;
..\..\src\main.c(330): warning:  #550-D: variable "latitude"  was set but never used
    int32_t latitude, longitude = 0;
..\..\src\main.c(330): warning:  #550-D: variable "longitude"  was set but never used
    int32_t latitude, longitude = 0;
..\..\src\main.c(331): warning:  #177-D: variable "altitudeGps"  was declared but never referenced
    uint16_t altitudeGps = 0;
..\..\src\main.c(389): warning:  #177-D: variable "i"  was declared but never referenced
    uint32_t i = 0;
..\..\src\main.c(126): warning:  #177-D: variable "AppDataBuff"  was declared but never referenced
  static uint8_t AppDataBuff[LORAWAN_APP_DATA_BUFF_SIZE];
..\..\src\main.c: 12 warnings, 0 errors
compiling stm32l0xx_hal_msp.c...
compiling stm32l0xx_hw.c...
compiling stm32l0xx_it.c...
compiling vcom.c...
compiling hw_usart.c...
compiling lora.c...
compiling lora-test.c...
compiling LoRaMac.c...
compiling LoRaMacCrypto.c...
compiling Region.c...
compiling RegionAS923.c...
compiling RegionAU915.c...
compiling RegionCN470.c...
compiling RegionCN779.c...
compiling RegionCommon.c...
compiling RegionEU868.c...
compiling RegionEU433.c...
compiling RegionIN865.c...
compiling RegionUS915.c...
compiling RegionUS915-Hybrid.c...
compiling RegionKR920.c...
compiling delay.c...
compiling low_power_manager.c...
compiling timeServer.c...
compiling utilities.c...
compiling cmac.c...
linking...
Program Size: Code=42668 RO-data=1592 RW-data=440 ZI-data=5216  
FromELF: creating hex file...
".\sx1272mb2das\NUCLEO_CUBE_LORA.axf" - 0 Error(s), 12 Warning(s).

<h2>Software Packages used:</h2>

Package Vendor: Keil
                http://www.keil.com/pack/Keil.STM32L0xx_DFP.2.0.0.pack
                Keil.STM32L0xx_DFP.2.0.0
                STMicroelectronics STM32L0 Series Device Support, Drivers and Examples

<h2>Collection of Component include folders:</h2>
  .\RTE\_sx1272mb2das
  C:\Keil_v5\ARM\PACK\Keil\STM32L0xx_DFP\2.0.0\Drivers\CMSIS\Device\ST\STM32L0xx\Include

<h2>Collection of Component Files used:</h2>
Build Time Elapsed:  00:00:24
</pre>
</body>
</html>
